Archive member included to satisfy reference by file (symbol)

d:/st/stm32cubeide_1.6.1/stm32cubeide/plugins/com.st.stm32cube.ide.mcu.externaltools.gnu-tools-for-stm32.9-2020-q2-update.win32_1.5.0.202011040924/tools/bin/../lib/gcc/arm-none-eabi/9.3.1/../../../../arm-none-eabi/lib/thumb/v7-m/nofp\libc_nano.a(lib_a-errno.o)
                              Application/User/Core/syscalls.o (__errno)
d:/st/stm32cubeide_1.6.1/stm32cubeide/plugins/com.st.stm32cube.ide.mcu.externaltools.gnu-tools-for-stm32.9-2020-q2-update.win32_1.5.0.202011040924/tools/bin/../lib/gcc/arm-none-eabi/9.3.1/../../../../arm-none-eabi/lib/thumb/v7-m/nofp\libc_nano.a(lib_a-exit.o)
                              d:/st/stm32cubeide_1.6.1/stm32cubeide/plugins/com.st.stm32cube.ide.mcu.externaltools.gnu-tools-for-stm32.9-2020-q2-update.win32_1.5.0.202011040924/tools/bin/../lib/gcc/arm-none-eabi/9.3.1/../../../../arm-none-eabi/lib/thumb/v7-m/nofp/crt0.o (exit)
d:/st/stm32cubeide_1.6.1/stm32cubeide/plugins/com.st.stm32cube.ide.mcu.externaltools.gnu-tools-for-stm32.9-2020-q2-update.win32_1.5.0.202011040924/tools/bin/../lib/gcc/arm-none-eabi/9.3.1/../../../../arm-none-eabi/lib/thumb/v7-m/nofp\libc_nano.a(lib_a-impure.o)
                              d:/st/stm32cubeide_1.6.1/stm32cubeide/plugins/com.st.stm32cube.ide.mcu.externaltools.gnu-tools-for-stm32.9-2020-q2-update.win32_1.5.0.202011040924/tools/bin/../lib/gcc/arm-none-eabi/9.3.1/../../../../arm-none-eabi/lib/thumb/v7-m/nofp\libc_nano.a(lib_a-exit.o) (_global_impure_ptr)
d:/st/stm32cubeide_1.6.1/stm32cubeide/plugins/com.st.stm32cube.ide.mcu.externaltools.gnu-tools-for-stm32.9-2020-q2-update.win32_1.5.0.202011040924/tools/bin/../lib/gcc/arm-none-eabi/9.3.1/../../../../arm-none-eabi/lib/thumb/v7-m/nofp\libc_nano.a(lib_a-init.o)
                              d:/st/stm32cubeide_1.6.1/stm32cubeide/plugins/com.st.stm32cube.ide.mcu.externaltools.gnu-tools-for-stm32.9-2020-q2-update.win32_1.5.0.202011040924/tools/bin/../lib/gcc/arm-none-eabi/9.3.1/../../../../arm-none-eabi/lib/thumb/v7-m/nofp/crt0.o (__libc_init_array)
d:/st/stm32cubeide_1.6.1/stm32cubeide/plugins/com.st.stm32cube.ide.mcu.externaltools.gnu-tools-for-stm32.9-2020-q2-update.win32_1.5.0.202011040924/tools/bin/../lib/gcc/arm-none-eabi/9.3.1/../../../../arm-none-eabi/lib/thumb/v7-m/nofp\libc_nano.a(lib_a-memset.o)
                              d:/st/stm32cubeide_1.6.1/stm32cubeide/plugins/com.st.stm32cube.ide.mcu.externaltools.gnu-tools-for-stm32.9-2020-q2-update.win32_1.5.0.202011040924/tools/bin/../lib/gcc/arm-none-eabi/9.3.1/../../../../arm-none-eabi/lib/thumb/v7-m/nofp/crt0.o (memset)
d:/st/stm32cubeide_1.6.1/stm32cubeide/plugins/com.st.stm32cube.ide.mcu.externaltools.gnu-tools-for-stm32.9-2020-q2-update.win32_1.5.0.202011040924/tools/bin/../lib/gcc/arm-none-eabi/9.3.1/../../../../arm-none-eabi/lib/thumb/v7-m/nofp\libc_nano.a(lib_a-puts.o)
                              Application/User/Core/main.o (puts)
d:/st/stm32cubeide_1.6.1/stm32cubeide/plugins/com.st.stm32cube.ide.mcu.externaltools.gnu-tools-for-stm32.9-2020-q2-update.win32_1.5.0.202011040924/tools/bin/../lib/gcc/arm-none-eabi/9.3.1/../../../../arm-none-eabi/lib/thumb/v7-m/nofp\libc_nano.a(lib_a-wbuf.o)
                              d:/st/stm32cubeide_1.6.1/stm32cubeide/plugins/com.st.stm32cube.ide.mcu.externaltools.gnu-tools-for-stm32.9-2020-q2-update.win32_1.5.0.202011040924/tools/bin/../lib/gcc/arm-none-eabi/9.3.1/../../../../arm-none-eabi/lib/thumb/v7-m/nofp\libc_nano.a(lib_a-puts.o) (__swbuf_r)
d:/st/stm32cubeide_1.6.1/stm32cubeide/plugins/com.st.stm32cube.ide.mcu.externaltools.gnu-tools-for-stm32.9-2020-q2-update.win32_1.5.0.202011040924/tools/bin/../lib/gcc/arm-none-eabi/9.3.1/../../../../arm-none-eabi/lib/thumb/v7-m/nofp\libc_nano.a(lib_a-wsetup.o)
                              d:/st/stm32cubeide_1.6.1/stm32cubeide/plugins/com.st.stm32cube.ide.mcu.externaltools.gnu-tools-for-stm32.9-2020-q2-update.win32_1.5.0.202011040924/tools/bin/../lib/gcc/arm-none-eabi/9.3.1/../../../../arm-none-eabi/lib/thumb/v7-m/nofp\libc_nano.a(lib_a-puts.o) (__swsetup_r)
d:/st/stm32cubeide_1.6.1/stm32cubeide/plugins/com.st.stm32cube.ide.mcu.externaltools.gnu-tools-for-stm32.9-2020-q2-update.win32_1.5.0.202011040924/tools/bin/../lib/gcc/arm-none-eabi/9.3.1/../../../../arm-none-eabi/lib/thumb/v7-m/nofp\libc_nano.a(lib_a-fflush.o)
                              d:/st/stm32cubeide_1.6.1/stm32cubeide/plugins/com.st.stm32cube.ide.mcu.externaltools.gnu-tools-for-stm32.9-2020-q2-update.win32_1.5.0.202011040924/tools/bin/../lib/gcc/arm-none-eabi/9.3.1/../../../../arm-none-eabi/lib/thumb/v7-m/nofp\libc_nano.a(lib_a-wbuf.o) (_fflush_r)
d:/st/stm32cubeide_1.6.1/stm32cubeide/plugins/com.st.stm32cube.ide.mcu.externaltools.gnu-tools-for-stm32.9-2020-q2-update.win32_1.5.0.202011040924/tools/bin/../lib/gcc/arm-none-eabi/9.3.1/../../../../arm-none-eabi/lib/thumb/v7-m/nofp\libc_nano.a(lib_a-findfp.o)
[...]
Memory Configuration

Name             Origin             Length             Attributes
RAM              0x0000000020000000 0x0000000000010000 xrw
FLASH            0x0000000008000000 0x0000000000080000 xr
*default*        0x0000000000000000 0xffffffffffffffff

Linker script and memory map

LOAD d:/st/stm32cubeide_1.6.1/stm32cubeide/plugins/com.st.stm32cube.ide.mcu.externaltools.gnu-tools-for-stm32.9-2020-q2-update.win32_1.5.0.202011040924/tools/bin/../lib/gcc/arm-none-eabi/9.3.1/thumb/v7-m/nofp/crti.o
LOAD d:/st/stm32cubeide_1.6.1/stm32cubeide/plugins/com.st.stm32cube.ide.mcu.externaltools.gnu-tools-for-stm32.9-2020-q2-update.win32_1.5.0.202011040924/tools/bin/../lib/gcc/arm-none-eabi/9.3.1/thumb/v7-m/nofp/crtbegin.o
LOAD d:/st/stm32cubeide_1.6.1/stm32cubeide/plugins/com.st.stm32cube.ide.mcu.externaltools.gnu-tools-for-stm32.9-2020-q2-update.win32_1.5.0.202011040924/tools/bin/../lib/gcc/arm-none-eabi/9.3.1/../../../../arm-none-eabi/lib/thumb/v7-m/nofp/crt0.o
LOAD Application/User/Core/crc.o
LOAD Application/User/Core/gpio.o
LOAD Application/User/Core/main.o
LOAD Application/User/Core/stm32f1xx_hal_msp.o
LOAD Application/User/Core/stm32f1xx_it.o
LOAD Application/User/Core/syscalls.o
LOAD Application/User/Core/sysmem.o
LOAD Application/User/Core/usart.o
LOAD Application/User/Startup/startup_stm32f103zetx.o
LOAD Application/User/USB_DEVICE/App/usb_device.o
LOAD Application/User/USB_DEVICE/App/usbd_cdc_if.o
LOAD Application/User/USB_DEVICE/App/usbd_desc.o
LOAD Application/User/USB_DEVICE/Target/usbd_conf.o
LOAD Drivers/CMSIS/system_stm32f1xx.o
LOAD Drivers/STM32F1xx_HAL_Driver/stm32f1xx_hal.o
LOAD Drivers/STM32F1xx_HAL_Driver/stm32f1xx_hal_cortex.o
LOAD Drivers/STM32F1xx_HAL_Driver/stm32f1xx_hal_crc.o
LOAD Drivers/STM32F1xx_HAL_Driver/stm32f1xx_hal_dma.o
LOAD Drivers/STM32F1xx_HAL_Driver/stm32f1xx_hal_exti.o
LOAD Drivers/STM32F1xx_HAL_Driver/stm32f1xx_hal_flash.o
LOAD Drivers/STM32F1xx_HAL_Driver/stm32f1xx_hal_flash_ex.o
LOAD Drivers/STM32F1xx_HAL_Driver/stm32f1xx_hal_gpio.o
LOAD Drivers/STM32F1xx_HAL_Driver/stm32f1xx_hal_gpio_ex.o
LOAD Drivers/STM32F1xx_HAL_Driver/stm32f1xx_hal_pcd.o
LOAD Drivers/STM32F1xx_HAL_Driver/stm32f1xx_hal_pcd_ex.o
LOAD Drivers/STM32F1xx_HAL_Driver/stm32f1xx_hal_pwr.o
LOAD Drivers/STM32F1xx_HAL_Driver/stm32f1xx_hal_rcc.o
LOAD Drivers/STM32F1xx_HAL_Driver/stm32f1xx_hal_rcc_ex.o
LOAD Drivers/STM32F1xx_HAL_Driver/stm32f1xx_hal_tim.o
LOAD Drivers/STM32F1xx_HAL_Driver/stm32f1xx_hal_tim_ex.o
LOAD Drivers/STM32F1xx_HAL_Driver/stm32f1xx_hal_uart.o
LOAD Drivers/STM32F1xx_HAL_Driver/stm32f1xx_ll_usb.o
LOAD Middlewares/USB_Device_Library/usbd_cdc.o
LOAD Middlewares/USB_Device_Library/usbd_core.o
LOAD Middlewares/USB_Device_Library/usbd_ctlreq.o
LOAD Middlewares/USB_Device_Library/usbd_ioreq.o
LOAD Modules/Src/modules.o
LOAD Modules/Src/multi_button.o
LOAD Modules/Src/multi_timer.o
START GROUP
LOAD d:/st/stm32cubeide_1.6.1/stm32cubeide/plugins/com.st.stm32cube.ide.mcu.externaltools.gnu-tools-for-stm32.9-2020-q2-update.win32_1.5.0.202011040924/tools/bin/../lib/gcc/arm-none-eabi/9.3.1/../../../../arm-none-eabi/lib/thumb/v7-m/nofp\libc_nano.a
LOAD d:/st/stm32cubeide_1.6.1/stm32cubeide/plugins/com.st.stm32cube.ide.mcu.externaltools.gnu-tools-for-stm32.9-2020-q2-update.win32_1.5.0.202011040924/tools/bin/../lib/gcc/arm-none-eabi/9.3.1/../../../../arm-none-eabi/lib/thumb/v7-m/nofp\libm.a
END GROUP
START GROUP
LOAD d:/st/stm32cubeide_1.6.1/stm32cubeide/plugins/com.st.stm32cube.ide.mcu.externaltools.gnu-tools-for-stm32.9-2020-q2-update.win32_1.5.0.202011040924/tools/bin/../lib/gcc/arm-none-eabi/9.3.1/thumb/v7-m/nofp\libgcc.a
LOAD d:/st/stm32cubeide_1.6.1/stm32cubeide/plugins/com.st.stm32cube.ide.mcu.externaltools.gnu-tools-for-stm32.9-2020-q2-update.win32_1.5.0.202011040924/tools/bin/../lib/gcc/arm-none-eabi/9.3.1/../../../../arm-none-eabi/lib/thumb/v7-m/nofp\libc_nano.a
END GROUP
START GROUP
LOAD d:/st/stm32cubeide_1.6.1/stm32cubeide/plugins/com.st.stm32cube.ide.mcu.externaltools.gnu-tools-for-stm32.9-2020-q2-update.win32_1.5.0.202011040924/tools/bin/../lib/gcc/arm-none-eabi/9.3.1/thumb/v7-m/nofp\libgcc.a
LOAD d:/st/stm32cubeide_1.6.1/stm32cubeide/plugins/com.st.stm32cube.ide.mcu.externaltools.gnu-tools-for-stm32.9-2020-q2-update.win32_1.5.0.202011040924/tools/bin/../lib/gcc/arm-none-eabi/9.3.1/../../../../arm-none-eabi/lib/thumb/v7-m/nofp\libc_nano.a
LOAD d:/st/stm32cubeide_1.6.1/stm32cubeide/plugins/com.st.stm32cube.ide.mcu.externaltools.gnu-tools-for-stm32.9-2020-q2-update.win32_1.5.0.202011040924/tools/bin/../lib/gcc/arm-none-eabi/9.3.1/../../../../arm-none-eabi/lib/thumb/v7-m/nofp\libnosys.a
END GROUP
START GROUP
LOAD d:/st/stm32cubeide_1.6.1/stm32cubeide/plugins/com.st.stm32cube.ide.mcu.externaltools.gnu-tools-for-stm32.9-2020-q2-update.win32_1.5.0.202011040924/tools/bin/../lib/gcc/arm-none-eabi/9.3.1/thumb/v7-m/nofp\libgcc.a
LOAD d:/st/stm32cubeide_1.6.1/stm32cubeide/plugins/com.st.stm32cube.ide.mcu.externaltools.gnu-tools-for-stm32.9-2020-q2-update.win32_1.5.0.202011040924/tools/bin/../lib/gcc/arm-none-eabi/9.3.1/../../../../arm-none-eabi/lib/thumb/v7-m/nofp\libc_nano.a
LOAD d:/st/stm32cubeide_1.6.1/stm32cubeide/plugins/com.st.stm32cube.ide.mcu.externaltools.gnu-tools-for-stm32.9-2020-q2-update.win32_1.5.0.202011040924/tools/bin/../lib/gcc/arm-none-eabi/9.3.1/../../../../arm-none-eabi/lib/thumb/v7-m/nofp\libnosys.a
END GROUP
LOAD d:/st/stm32cubeide_1.6.1/stm32cubeide/plugins/com.st.stm32cube.ide.mcu.externaltools.gnu-tools-for-stm32.9-2020-q2-update.win32_1.5.0.202011040924/tools/bin/../lib/gcc/arm-none-eabi/9.3.1/thumb/v7-m/nofp/crtend.o
LOAD d:/st/stm32cubeide_1.6.1/stm32cubeide/plugins/com.st.stm32cube.ide.mcu.externaltools.gnu-tools-for-stm32.9-2020-q2-update.win32_1.5.0.202011040924/tools/bin/../lib/gcc/arm-none-eabi/9.3.1/thumb/v7-m/nofp/crtn.o
                0x0000000020010000                _estack = (ORIGIN (RAM) + LENGTH (RAM))
                0x0000000000000200                _Min_Heap_Size = 0x200
                0x0000000000000400                _Min_Stack_Size = 0x400

.isr_vector     0x0000000008000000      0x1e4
                0x0000000008000000                . = ALIGN (0x4)
 *(.isr_vector)
 .isr_vector    0x0000000008000000      0x1e4 Application/User/Startup/startup_stm32f103zetx.o
                0x0000000008000000                g_pfnVectors
                0x00000000080001e4                . = ALIGN (0x4)

.text           0x00000000080001e4     0x8af0
                0x00000000080001e4                . = ALIGN (0x4)
 *(.text)
 .text          0x00000000080001e4       0x40 d:/st/stm32cubeide_1.6.1/stm32cubeide/plugins/com.st.stm32cube.ide.mcu.externaltools.gnu-tools-for-stm32.9-2020-q2-update.win32_1.5.0.202011040924/tools/bin/../lib/gcc/arm-none-eabi/9.3.1/thumb/v7-m/nofp/crtbegin.o
 *(.text*)
 .text.MX_CRC_Init
                0x0000000008000224       0x28 Application/User/Core/crc.o
                0x0000000008000224                MX_CRC_Init
 .text.HAL_CRC_MspInit
                0x000000000800024c       0x3c Application/User/Core/crc.o
                0x000000000800024c                HAL_CRC_MspInit
 .text.MX_GPIO_Init
                0x0000000008000288      0x120 Application/User/Core/gpio.o
                0x0000000008000288                MX_GPIO_Init
 .text.main     0x00000000080003a8       0x54 Application/User/Core/main.o
                0x00000000080003a8                main
 .text.SystemClock_Config
                0x00000000080003fc       0xb8 Application/User/Core/main.o
                0x00000000080003fc                SystemClock_Config
 .text.Error_Handler
                0x00000000080004b4        0xa Application/User/Core/main.o
                0x00000000080004b4                Error_Handler
 *fill*         0x00000000080004be        0x2 
 .text.HAL_MspInit
                0x00000000080004c0       0x64 Application/User/Core/stm32f1xx_hal_msp.o
                0x00000000080004c0                HAL_MspInit
 .text.NMI_Handler
                0x0000000008000524        0x6 Application/User/Core/stm32f1xx_it.o
                0x0000000008000524                NMI_Handler
 .text.HardFault_Handler
                0x000000000800052a        0x6 Application/User/Core/stm32f1xx_it.o
                0x000000000800052a                HardFault_Handler
 .text.MemManage_Handler
                0x0000000008000530        0x6 Application/User/Core/stm32f1xx_it.o
                0x0000000008000530                MemManage_Handler
 .text.BusFault_Handler
                0x0000000008000536        0x6 Application/User/Core/stm32f1xx_it.o
                0x0000000008000536                BusFault_Handler
 .text.UsageFault_Handler
                0x000000000800053c        0x6 Application/User/Core/stm32f1xx_it.o
                0x000000000800053c                UsageFault_Handler
 .text.SVC_Handler
                0x0000000008000542        0xc Application/User/Core/stm32f1xx_it.o
                0x0000000008000542                SVC_Handler
 .text.DebugMon_Handler
                0x000000000800054e        0xc Application/User/Core/stm32f1xx_it.o
                0x000000000800054e                DebugMon_Handler
 .text.PendSV_Handler
                0x000000000800055a        0xc Application/User/Core/stm32f1xx_it.o
                0x000000000800055a                PendSV_Handler
 .text.SysTick_Handler
                0x0000000008000566       0x10 Application/User/Core/stm32f1xx_it.o
                0x0000000008000566                SysTick_Handler
 *fill*         0x0000000008000576        0x2 
 .text.USB_HP_CAN1_TX_IRQHandler
                0x0000000008000578       0x14 Application/User/Core/stm32f1xx_it.o
                0x0000000008000578                USB_HP_CAN1_TX_IRQHandler
 .text.USB_LP_CAN1_RX0_IRQHandler
                0x000000000800058c       0x14 Application/User/Core/stm32f1xx_it.o
                0x000000000800058c                USB_LP_CAN1_RX0_IRQHandler
 .text.USART1_IRQHandler
                0x00000000080005a0       0x18 Application/User/Core/stm32f1xx_it.o
                0x00000000080005a0                USART1_IRQHandler
 .text._read    0x00000000080005b8       0x3a Application/User/Core/syscalls.o
                0x00000000080005b8                _read
 .text._write   0x00000000080005f2       0x38 Application/User/Core/syscalls.o
                0x00000000080005f2                _write
 .text._close   0x000000000800062a       0x16 Application/User/Core/syscalls.o
                0x000000000800062a                _close
 .text._fstat   0x0000000008000640       0x1e Application/User/Core/syscalls.o
                0x0000000008000640                _fstat
 .text._isatty  0x000000000800065e       0x14 Application/User/Core/syscalls.o
                0x000000000800065e                _isatty
 .text._lseek   0x0000000008000672       0x18 Application/User/Core/syscalls.o
                0x0000000008000672                _lseek
 *fill*         0x000000000800068a        0x2 
 .text._sbrk    0x000000000800068c       0x6c Application/User/Core/sysmem.o
                0x000000000800068c                _sbrk
 .text.MX_USART1_UART_Init
                0x00000000080006f8       0x54 Application/User/Core/usart.o
                0x00000000080006f8                MX_USART1_UART_Init
 .text.HAL_UART_MspInit
                0x000000000800074c       0xa8 Application/User/Core/usart.o
                0x000000000800074c                HAL_UART_MspInit
 .text.__io_putchar
                0x00000000080007f4       0x24 Application/User/Core/usart.o
                0x00000000080007f4                __io_putchar
 .text.Reset_Handler
                0x0000000008000818       0x48 Application/User/Startup/startup_stm32f103zetx.o
                0x0000000008000818                Reset_Handler
 .text.Default_Handler
                0x0000000008000860        0x2 Application/User/Startup/startup_stm32f103zetx.o
                0x0000000008000860                RTC_Alarm_IRQHandler
                0x0000000008000860                EXTI2_IRQHandler
                0x0000000008000860                TIM8_TRG_COM_IRQHandler
                0x0000000008000860                TIM8_CC_IRQHandler
                0x0000000008000860                TIM1_CC_IRQHandler
                0x0000000008000860                TIM6_IRQHandler
                0x0000000008000860                PVD_IRQHandler
                0x0000000008000860                SDIO_IRQHandler
                0x0000000008000860                EXTI3_IRQHandler
                0x0000000008000860                EXTI0_IRQHandler
                0x0000000008000860                I2C2_EV_IRQHandler
                0x0000000008000860                ADC1_2_IRQHandler
                0x0000000008000860                SPI1_IRQHandler
                0x0000000008000860                TAMPER_IRQHandler
                0x0000000008000860                TIM8_UP_IRQHandler
                0x0000000008000860                DMA2_Channel2_IRQHandler
                0x0000000008000860                DMA1_Channel4_IRQHandler
                0x0000000008000860                USART3_IRQHandler
                0x0000000008000860                RTC_IRQHandler
                0x0000000008000860                DMA1_Channel7_IRQHandler
                0x0000000008000860                CAN1_RX1_IRQHandler
                0x0000000008000860                UART5_IRQHandler
                0x0000000008000860                ADC3_IRQHandler
                0x0000000008000860                TIM4_IRQHandler
                0x0000000008000860                DMA2_Channel1_IRQHandler
                0x0000000008000860                I2C1_EV_IRQHandler
                0x0000000008000860                DMA1_Channel6_IRQHandler
                0x0000000008000860                UART4_IRQHandler
                0x0000000008000860                TIM3_IRQHandler
                0x0000000008000860                RCC_IRQHandler
                0x0000000008000860                TIM1_TRG_COM_IRQHandler
                0x0000000008000860                DMA1_Channel1_IRQHandler
                0x0000000008000860                Default_Handler
                0x0000000008000860                EXTI15_10_IRQHandler
                0x0000000008000860                TIM7_IRQHandler
                0x0000000008000860                TIM5_IRQHandler
                0x0000000008000860                EXTI9_5_IRQHandler
                0x0000000008000860                SPI2_IRQHandler
                0x0000000008000860                DMA1_Channel5_IRQHandler
                0x0000000008000860                EXTI4_IRQHandler
                0x0000000008000860                DMA1_Channel3_IRQHandler
                0x0000000008000860                FSMC_IRQHandler
                0x0000000008000860                TIM1_UP_IRQHandler
                0x0000000008000860                WWDG_IRQHandler
                0x0000000008000860                TIM2_IRQHandler
                0x0000000008000860                TIM1_BRK_IRQHandler
                0x0000000008000860                EXTI1_IRQHandler
                0x0000000008000860                DMA2_Channel4_5_IRQHandler
                0x0000000008000860                USART2_IRQHandler
                0x0000000008000860                I2C2_ER_IRQHandler
                0x0000000008000860                DMA1_Channel2_IRQHandler
                0x0000000008000860                TIM8_BRK_IRQHandler
                0x0000000008000860                CAN1_SCE_IRQHandler
                0x0000000008000860                FLASH_IRQHandler
                0x0000000008000860                SPI3_IRQHandler
                0x0000000008000860                I2C1_ER_IRQHandler
                0x0000000008000860                USBWakeUp_IRQHandler
                0x0000000008000860                DMA2_Channel3_IRQHandler
 *fill*         0x0000000008000862        0x2 
 .text.MX_USB_DEVICE_Init
                0x0000000008000864       0x60 Application/User/USB_DEVICE/App/usb_device.o
                0x0000000008000864                MX_USB_DEVICE_Init
 .text.CDC_Init_FS
                0x00000000080008c4       0x28 Application/User/USB_DEVICE/App/usbd_cdc_if.o
 .text.CDC_DeInit_FS
                0x00000000080008ec        0xe Application/User/USB_DEVICE/App/usbd_cdc_if.o
 *fill*         0x00000000080008fa        0x2 
 .text.CDC_Control_FS
                0x00000000080008fc       0xbc Application/User/USB_DEVICE/App/usbd_cdc_if.o
 .text.CDC_Receive_FS
                0x00000000080009b8       0x28 Application/User/USB_DEVICE/App/usbd_cdc_if.o
 .text.USBD_FS_DeviceDescriptor
                0x00000000080009e0       0x24 Application/User/USB_DEVICE/App/usbd_desc.o
                0x00000000080009e0                USBD_FS_DeviceDescriptor
 .text.USBD_FS_LangIDStrDescriptor
                0x0000000008000a04       0x24 Application/User/USB_DEVICE/App/usbd_desc.o
                0x0000000008000a04                USBD_FS_LangIDStrDescriptor
 .text.USBD_FS_ProductStrDescriptor
                0x0000000008000a28       0x3c Application/User/USB_DEVICE/App/usbd_desc.o
                0x0000000008000a28                USBD_FS_ProductStrDescriptor
 .text.USBD_FS_ManufacturerStrDescriptor
                0x0000000008000a64       0x28 Application/User/USB_DEVICE/App/usbd_desc.o
                0x0000000008000a64                USBD_FS_ManufacturerStrDescriptor
 .text.USBD_FS_SerialStrDescriptor
                0x0000000008000a8c       0x24 Application/User/USB_DEVICE/App/usbd_desc.o
                0x0000000008000a8c                USBD_FS_SerialStrDescriptor
 .text.USBD_FS_ConfigStrDescriptor
                0x0000000008000ab0       0x3c Application/User/USB_DEVICE/App/usbd_desc.o
                0x0000000008000ab0                USBD_FS_ConfigStrDescriptor
 .text.USBD_FS_InterfaceStrDescriptor
                0x0000000008000aec       0x3c Application/User/USB_DEVICE/App/usbd_desc.o
                0x0000000008000aec                USBD_FS_InterfaceStrDescriptor
 .text.Get_SerialNum
                0x0000000008000b28       0x58 Application/User/USB_DEVICE/App/usbd_desc.o
 .text.IntToUnicode
                0x0000000008000b80       0x7c Application/User/USB_DEVICE/App/usbd_desc.o
 .text.HAL_PCD_MspInit
                0x0000000008000bfc       0x5c Application/User/USB_DEVICE/Target/usbd_conf.o
                0x0000000008000bfc                HAL_PCD_MspInit
 .text.HAL_PCD_SetupStageCallback
                0x0000000008000c58       0x24 Application/User/USB_DEVICE/Target/usbd_conf.o
                0x0000000008000c58                HAL_PCD_SetupStageCallback
 .text.HAL_PCD_DataOutStageCallback
                0x0000000008000c7c       0x36 Application/User/USB_DEVICE/Target/usbd_conf.o
                0x0000000008000c7c                HAL_PCD_DataOutStageCallback
 .text.HAL_PCD_DataInStageCallback
                0x0000000008000cb2       0x34 Application/User/USB_DEVICE/Target/usbd_conf.o
                0x0000000008000cb2                HAL_PCD_DataInStageCallback
 .text.HAL_PCD_SOFCallback
                0x0000000008000ce6       0x1c Application/User/USB_DEVICE/Target/usbd_conf.o
                0x0000000008000ce6                HAL_PCD_SOFCallback
 .text.HAL_PCD_ResetCallback
                0x0000000008000d02       0x3c Application/User/USB_DEVICE/Target/usbd_conf.o
                0x0000000008000d02                HAL_PCD_ResetCallback
 *fill*         0x0000000008000d3e        0x2 
 .text.HAL_PCD_SuspendCallback
                0x0000000008000d40       0x34 Application/User/USB_DEVICE/Target/usbd_conf.o
                0x0000000008000d40                HAL_PCD_SuspendCallback
 .text.HAL_PCD_ResumeCallback
                0x0000000008000d74       0x1c Application/User/USB_DEVICE/Target/usbd_conf.o
                0x0000000008000d74                HAL_PCD_ResumeCallback
 .text.USBD_LL_Init
                0x0000000008000d90       0xb4 Application/User/USB_DEVICE/Target/usbd_conf.o
                0x0000000008000d90                USBD_LL_Init
 .text.USBD_LL_Start
                0x0000000008000e44       0x36 Application/User/USB_DEVICE/Target/usbd_conf.o
                0x0000000008000e44                USBD_LL_Start
 .text.USBD_LL_OpenEP
                0x0000000008000e7a       0x4c Application/User/USB_DEVICE/Target/usbd_conf.o
                0x0000000008000e7a                USBD_LL_OpenEP
 .text.USBD_LL_CloseEP
                0x0000000008000ec6       0x3e Application/User/USB_DEVICE/Target/usbd_conf.o
                0x0000000008000ec6                USBD_LL_CloseEP
 .text.USBD_LL_StallEP
                0x0000000008000f04       0x3e Application/User/USB_DEVICE/Target/usbd_conf.o
                0x0000000008000f04                USBD_LL_StallEP
 .text.USBD_LL_ClearStallEP
                0x0000000008000f42       0x3e Application/User/USB_DEVICE/Target/usbd_conf.o
                0x0000000008000f42                USBD_LL_ClearStallEP
 .text.USBD_LL_IsStallEP
                0x0000000008000f80       0x58 Application/User/USB_DEVICE/Target/usbd_conf.o
                0x0000000008000f80                USBD_LL_IsStallEP
 .text.USBD_LL_SetUSBAddress
                0x0000000008000fd8       0x3e Application/User/USB_DEVICE/Target/usbd_conf.o
                0x0000000008000fd8                USBD_LL_SetUSBAddress
 .text.USBD_LL_Transmit
                0x0000000008001016       0x46 Application/User/USB_DEVICE/Target/usbd_conf.o
                0x0000000008001016                USBD_LL_Transmit
 .text.USBD_LL_PrepareReceive
                0x000000000800105c       0x46 Application/User/USB_DEVICE/Target/usbd_conf.o
                0x000000000800105c                USBD_LL_PrepareReceive
 .text.USBD_LL_GetRxDataSize
                0x00000000080010a2       0x26 Application/User/USB_DEVICE/Target/usbd_conf.o
                0x00000000080010a2                USBD_LL_GetRxDataSize
 .text.USBD_static_malloc
                0x00000000080010c8       0x18 Application/User/USB_DEVICE/Target/usbd_conf.o
                0x00000000080010c8                USBD_static_malloc
 .text.USBD_static_free
                0x00000000080010e0       0x12 Application/User/USB_DEVICE/Target/usbd_conf.o
                0x00000000080010e0                USBD_static_free
 .text.HAL_PCDEx_SetConnectionState
                0x00000000080010f2       0x16 Application/User/USB_DEVICE/Target/usbd_conf.o
                0x00000000080010f2                HAL_PCDEx_SetConnectionState
 .text.USBD_Get_USB_Status
                0x0000000008001108       0x58 Application/User/USB_DEVICE/Target/usbd_conf.o
 .text.SystemInit
                0x0000000008001160        0xc Drivers/CMSIS/system_stm32f1xx.o
                0x0000000008001160                SystemInit
 .text.HAL_Init
                0x000000000800116c       0x2c Drivers/STM32F1xx_HAL_Driver/stm32f1xx_hal.o
                0x000000000800116c                HAL_Init
 .text.HAL_InitTick
                0x0000000008001198       0x60 Drivers/STM32F1xx_HAL_Driver/stm32f1xx_hal.o
                0x0000000008001198                HAL_InitTick
 .text.HAL_IncTick
                0x00000000080011f8       0x24 Drivers/STM32F1xx_HAL_Driver/stm32f1xx_hal.o
                0x00000000080011f8                HAL_IncTick
 .text.HAL_GetTick
                0x000000000800121c       0x14 Drivers/STM32F1xx_HAL_Driver/stm32f1xx_hal.o
                0x000000000800121c                HAL_GetTick
 .text.HAL_Delay
                0x0000000008001230       0x48 Drivers/STM32F1xx_HAL_Driver/stm32f1xx_hal.o
                0x0000000008001230                HAL_Delay
 .text.__NVIC_SetPriorityGrouping
                0x0000000008001278       0x48 Drivers/STM32F1xx_HAL_Driver/stm32f1xx_hal_cortex.o
 .text.__NVIC_GetPriorityGrouping
                0x00000000080012c0       0x1c Drivers/STM32F1xx_HAL_Driver/stm32f1xx_hal_cortex.o
 .text.__NVIC_EnableIRQ
                0x00000000080012dc       0x38 Drivers/STM32F1xx_HAL_Driver/stm32f1xx_hal_cortex.o
 .text.__NVIC_SetPriority
                0x0000000008001314       0x54 Drivers/STM32F1xx_HAL_Driver/stm32f1xx_hal_cortex.o
 .text.NVIC_EncodePriority
                0x0000000008001368       0x64 Drivers/STM32F1xx_HAL_Driver/stm32f1xx_hal_cortex.o
 .text.SysTick_Config
                0x00000000080013cc       0x44 Drivers/STM32F1xx_HAL_Driver/stm32f1xx_hal_cortex.o
 .text.HAL_NVIC_SetPriorityGrouping
                0x0000000008001410       0x16 Drivers/STM32F1xx_HAL_Driver/stm32f1xx_hal_cortex.o
                0x0000000008001410                HAL_NVIC_SetPriorityGrouping
 .text.HAL_NVIC_SetPriority
                0x0000000008001426       0x38 Drivers/STM32F1xx_HAL_Driver/stm32f1xx_hal_cortex.o
                0x0000000008001426                HAL_NVIC_SetPriority
 .text.HAL_NVIC_EnableIRQ
                0x000000000800145e       0x1c Drivers/STM32F1xx_HAL_Driver/stm32f1xx_hal_cortex.o
                0x000000000800145e                HAL_NVIC_EnableIRQ
 .text.HAL_SYSTICK_Config
                0x000000000800147a       0x18 Drivers/STM32F1xx_HAL_Driver/stm32f1xx_hal_cortex.o
                0x000000000800147a                HAL_SYSTICK_Config
 .text.HAL_CRC_Init
                0x0000000008001492       0x38 Drivers/STM32F1xx_HAL_Driver/stm32f1xx_hal_crc.o
                0x0000000008001492                HAL_CRC_Init
 *fill*         0x00000000080014ca        0x2 
 .text.HAL_DMA_Abort_IT
                0x00000000080014cc      0x210 Drivers/STM32F1xx_HAL_Driver/stm32f1xx_hal_dma.o
                0x00000000080014cc                HAL_DMA_Abort_IT
 .text.HAL_GPIO_Init
                0x00000000080016dc      0x328 Drivers/STM32F1xx_HAL_Driver/stm32f1xx_hal_gpio.o
                0x00000000080016dc                HAL_GPIO_Init
 .text.HAL_GPIO_ReadPin
                0x0000000008001a04       0x2e Drivers/STM32F1xx_HAL_Driver/stm32f1xx_hal_gpio.o
                0x0000000008001a04                HAL_GPIO_ReadPin
 .text.HAL_GPIO_WritePin
                0x0000000008001a32       0x30 Drivers/STM32F1xx_HAL_Driver/stm32f1xx_hal_gpio.o
                0x0000000008001a32                HAL_GPIO_WritePin
 .text.HAL_GPIO_TogglePin
                0x0000000008001a62       0x32 Drivers/STM32F1xx_HAL_Driver/stm32f1xx_hal_gpio.o
                0x0000000008001a62                HAL_GPIO_TogglePin
 .text.HAL_PCD_Init
                0x0000000008001a94      0x216 Drivers/STM32F1xx_HAL_Driver/stm32f1xx_hal_pcd.o
                0x0000000008001a94                HAL_PCD_Init
 .text.HAL_PCD_Start
                0x0000000008001caa       0x4c Drivers/STM32F1xx_HAL_Driver/stm32f1xx_hal_pcd.o
                0x0000000008001caa                HAL_PCD_Start
 .text.HAL_PCD_IRQHandler
                0x0000000008001cf6      0x2aa Drivers/STM32F1xx_HAL_Driver/stm32f1xx_hal_pcd.o
                0x0000000008001cf6                HAL_PCD_IRQHandler
 .text.HAL_PCD_SetAddress
                0x0000000008001fa0       0x4a Drivers/STM32F1xx_HAL_Driver/stm32f1xx_hal_pcd.o
                0x0000000008001fa0                HAL_PCD_SetAddress
 .text.HAL_PCD_EP_Open
                0x0000000008001fea       0xcc Drivers/STM32F1xx_HAL_Driver/stm32f1xx_hal_pcd.o
                0x0000000008001fea                HAL_PCD_EP_Open
 .text.HAL_PCD_EP_Close
                0x00000000080020b6       0x90 Drivers/STM32F1xx_HAL_Driver/stm32f1xx_hal_pcd.o
                0x00000000080020b6                HAL_PCD_EP_Close
 .text.HAL_PCD_EP_Receive
                0x0000000008002146       0x7a Drivers/STM32F1xx_HAL_Driver/stm32f1xx_hal_pcd.o
                0x0000000008002146                HAL_PCD_EP_Receive
 .text.HAL_PCD_EP_GetRxCount
                0x00000000080021c0       0x2e Drivers/STM32F1xx_HAL_Driver/stm32f1xx_hal_pcd.o
                0x00000000080021c0                HAL_PCD_EP_GetRxCount
 .text.HAL_PCD_EP_Transmit
                0x00000000080021ee       0x86 Drivers/STM32F1xx_HAL_Driver/stm32f1xx_hal_pcd.o
                0x00000000080021ee                HAL_PCD_EP_Transmit
 .text.HAL_PCD_EP_SetStall
                0x0000000008002274       0xc0 Drivers/STM32F1xx_HAL_Driver/stm32f1xx_hal_pcd.o
                0x0000000008002274                HAL_PCD_EP_SetStall
 .text.HAL_PCD_EP_ClrStall
                0x0000000008002334       0xa8 Drivers/STM32F1xx_HAL_Driver/stm32f1xx_hal_pcd.o
                0x0000000008002334                HAL_PCD_EP_ClrStall
 .text.PCD_EP_ISR_Handler
                0x00000000080023dc      0x5e6 Drivers/STM32F1xx_HAL_Driver/stm32f1xx_hal_pcd.o
 .text.HAL_PCD_EP_DB_Receive
                0x00000000080029c2      0x21a Drivers/STM32F1xx_HAL_Driver/stm32f1xx_hal_pcd.o
 .text.HAL_PCD_EP_DB_Transmit
                0x0000000008002bdc      0x556 Drivers/STM32F1xx_HAL_Driver/stm32f1xx_hal_pcd.o
 .text.HAL_PCDEx_PMAConfig
                0x0000000008003132       0x84 Drivers/STM32F1xx_HAL_Driver/stm32f1xx_hal_pcd_ex.o
                0x0000000008003132                HAL_PCDEx_PMAConfig
 *fill*         0x00000000080031b6        0x2 
 .text.HAL_RCC_OscConfig
                0x00000000080031b8      0x500 Drivers/STM32F1xx_HAL_Driver/stm32f1xx_hal_rcc.o
                0x00000000080031b8                HAL_RCC_OscConfig
 .text.HAL_RCC_ClockConfig
                0x00000000080036b8      0x1d4 Drivers/STM32F1xx_HAL_Driver/stm32f1xx_hal_rcc.o
                0x00000000080036b8                HAL_RCC_ClockConfig
 .text.HAL_RCC_GetSysClockFreq
                0x000000000800388c       0xc0 Drivers/STM32F1xx_HAL_Driver/stm32f1xx_hal_rcc.o
                0x000000000800388c                HAL_RCC_GetSysClockFreq
 .text.HAL_RCC_GetHCLKFreq
                0x000000000800394c       0x14 Drivers/STM32F1xx_HAL_Driver/stm32f1xx_hal_rcc.o
                0x000000000800394c                HAL_RCC_GetHCLKFreq
 .text.HAL_RCC_GetPCLK1Freq
                0x0000000008003960       0x28 Drivers/STM32F1xx_HAL_Driver/stm32f1xx_hal_rcc.o
                0x0000000008003960                HAL_RCC_GetPCLK1Freq
 .text.HAL_RCC_GetPCLK2Freq
                0x0000000008003988       0x28 Drivers/STM32F1xx_HAL_Driver/stm32f1xx_hal_rcc.o
                0x0000000008003988                HAL_RCC_GetPCLK2Freq
 .text.RCC_Delay
                0x00000000080039b0       0x3c Drivers/STM32F1xx_HAL_Driver/stm32f1xx_hal_rcc.o
 .text.HAL_RCCEx_PeriphCLKConfig
                0x00000000080039ec      0x16c Drivers/STM32F1xx_HAL_Driver/stm32f1xx_hal_rcc_ex.o
                0x00000000080039ec                HAL_RCCEx_PeriphCLKConfig
 .text.HAL_UART_Init
                0x0000000008003b58       0x9a Drivers/STM32F1xx_HAL_Driver/stm32f1xx_hal_uart.o
                0x0000000008003b58                HAL_UART_Init
 .text.HAL_UART_Transmit
                0x0000000008003bf2      0x124 Drivers/STM32F1xx_HAL_Driver/stm32f1xx_hal_uart.o
                0x0000000008003bf2                HAL_UART_Transmit
 *fill*         0x0000000008003d16        0x2 
 .text.HAL_UART_IRQHandler
                0x0000000008003d18      0x200 Drivers/STM32F1xx_HAL_Driver/stm32f1xx_hal_uart.o
                0x0000000008003d18                HAL_UART_IRQHandler
 .text.HAL_UART_TxCpltCallback
                0x0000000008003f18       0x12 Drivers/STM32F1xx_HAL_Driver/stm32f1xx_hal_uart.o
                0x0000000008003f18                HAL_UART_TxCpltCallback
 .text.HAL_UART_RxCpltCallback
                0x0000000008003f2a       0x12 Drivers/STM32F1xx_HAL_Driver/stm32f1xx_hal_uart.o
                0x0000000008003f2a                HAL_UART_RxCpltCallback
 .text.HAL_UART_ErrorCallback
                0x0000000008003f3c       0x12 Drivers/STM32F1xx_HAL_Driver/stm32f1xx_hal_uart.o
                0x0000000008003f3c                HAL_UART_ErrorCallback
 .text.UART_WaitOnFlagUntilTimeout
                0x0000000008003f4e       0x94 Drivers/STM32F1xx_HAL_Driver/stm32f1xx_hal_uart.o
 .text.UART_EndRxTransfer
                0x0000000008003fe2       0x3a Drivers/STM32F1xx_HAL_Driver/stm32f1xx_hal_uart.o
 .text.UART_DMAAbortOnError
                0x000000000800401c       0x28 Drivers/STM32F1xx_HAL_Driver/stm32f1xx_hal_uart.o
 .text.UART_Transmit_IT
                0x0000000008004044       0x9e Drivers/STM32F1xx_HAL_Driver/stm32f1xx_hal_uart.o
 .text.UART_EndTransmit_IT
                0x00000000080040e2       0x30 Drivers/STM32F1xx_HAL_Driver/stm32f1xx_hal_uart.o
 .text.UART_Receive_IT
                0x0000000008004112      0x100 Drivers/STM32F1xx_HAL_Driver/stm32f1xx_hal_uart.o
 *fill*         0x0000000008004212        0x2 
 .text.UART_SetConfig
                0x0000000008004214      0x11c Drivers/STM32F1xx_HAL_Driver/stm32f1xx_hal_uart.o
 .text.USB_CoreInit
                0x0000000008004330       0x20 Drivers/STM32F1xx_HAL_Driver/stm32f1xx_ll_usb.o
                0x0000000008004330                USB_CoreInit
 .text.USB_EnableGlobalInt
                0x0000000008004350       0x2c Drivers/STM32F1xx_HAL_Driver/stm32f1xx_ll_usb.o
                0x0000000008004350                USB_EnableGlobalInt
 .text.USB_DisableGlobalInt
                0x000000000800437c       0x34 Drivers/STM32F1xx_HAL_Driver/stm32f1xx_ll_usb.o
                0x000000000800437c                USB_DisableGlobalInt
 .text.USB_SetCurrentMode
                0x00000000080043b0       0x18 Drivers/STM32F1xx_HAL_Driver/stm32f1xx_ll_usb.o
                0x00000000080043b0                USB_SetCurrentMode
 .text.USB_DevInit
                0x00000000080043c8       0x40 Drivers/STM32F1xx_HAL_Driver/stm32f1xx_ll_usb.o
                0x00000000080043c8                USB_DevInit
 .text.USB_ActivateEndpoint
                0x0000000008004408      0x6d4 Drivers/STM32F1xx_HAL_Driver/stm32f1xx_ll_usb.o
                0x0000000008004408                USB_ActivateEndpoint
 .text.USB_DeactivateEndpoint
                0x0000000008004adc      0x3d8 Drivers/STM32F1xx_HAL_Driver/stm32f1xx_ll_usb.o
                0x0000000008004adc                USB_DeactivateEndpoint
 .text.USB_EPStartXfer
                0x0000000008004eb4     0x1240 Drivers/STM32F1xx_HAL_Driver/stm32f1xx_ll_usb.o
                0x0000000008004eb4                USB_EPStartXfer
 .text.USB_EPSetStall
                0x00000000080060f4       0xa0 Drivers/STM32F1xx_HAL_Driver/stm32f1xx_ll_usb.o
                0x00000000080060f4                USB_EPSetStall
 .text.USB_EPClearStall
                0x0000000008006194      0x15a Drivers/STM32F1xx_HAL_Driver/stm32f1xx_ll_usb.o
                0x0000000008006194                USB_EPClearStall
 .text.USB_SetDevAddress
                0x00000000080062ee       0x26 Drivers/STM32F1xx_HAL_Driver/stm32f1xx_ll_usb.o
                0x00000000080062ee                USB_SetDevAddress
 .text.USB_DevConnect
                0x0000000008006314       0x14 Drivers/STM32F1xx_HAL_Driver/stm32f1xx_ll_usb.o
                0x0000000008006314                USB_DevConnect
 .text.USB_DevDisconnect
                0x0000000008006328       0x14 Drivers/STM32F1xx_HAL_Driver/stm32f1xx_ll_usb.o
                0x0000000008006328                USB_DevDisconnect
 .text.USB_ReadInterrupts
                0x000000000800633c       0x1e Drivers/STM32F1xx_HAL_Driver/stm32f1xx_ll_usb.o
                0x000000000800633c                USB_ReadInterrupts
 .text.USB_EP0_OutStart
                0x000000000800635a       0x16 Drivers/STM32F1xx_HAL_Driver/stm32f1xx_ll_usb.o
                0x000000000800635a                USB_EP0_OutStart
 .text.USB_WritePMA
                0x0000000008006370       0x8a Drivers/STM32F1xx_HAL_Driver/stm32f1xx_ll_usb.o
                0x0000000008006370                USB_WritePMA
 .text.USB_ReadPMA
                0x00000000080063fa       0x9e Drivers/STM32F1xx_HAL_Driver/stm32f1xx_ll_usb.o
                0x00000000080063fa                USB_ReadPMA
 .text.USBD_CDC_Init
                0x0000000008006498       0xf4 Middlewares/USB_Device_Library/usbd_cdc.o
 .text.USBD_CDC_DeInit
                0x000000000800658c       0x6e Middlewares/USB_Device_Library/usbd_cdc.o
 .text.USBD_CDC_Setup
                0x00000000080065fa      0x146 Middlewares/USB_Device_Library/usbd_cdc.o
 .text.USBD_CDC_DataIn
                0x0000000008006740       0xa6 Middlewares/USB_Device_Library/usbd_cdc.o
 .text.USBD_CDC_DataOut
                0x00000000080067e6       0x56 Middlewares/USB_Device_Library/usbd_cdc.o
 .text.USBD_CDC_EP0_RxReady
                0x000000000800683c       0x50 Middlewares/USB_Device_Library/usbd_cdc.o
 .text.USBD_CDC_GetFSCfgDesc
                0x000000000800688c       0x20 Middlewares/USB_Device_Library/usbd_cdc.o
 .text.USBD_CDC_GetHSCfgDesc
                0x00000000080068ac       0x20 Middlewares/USB_Device_Library/usbd_cdc.o
 .text.USBD_CDC_GetOtherSpeedCfgDesc
                0x00000000080068cc       0x20 Middlewares/USB_Device_Library/usbd_cdc.o
 .text.USBD_CDC_GetDeviceQualifierDescriptor
                0x00000000080068ec       0x20 Middlewares/USB_Device_Library/usbd_cdc.o
                0x00000000080068ec                USBD_CDC_GetDeviceQualifierDescriptor
 .text.USBD_CDC_RegisterInterface
                0x000000000800690c       0x2c Middlewares/USB_Device_Library/usbd_cdc.o
                0x000000000800690c                USBD_CDC_RegisterInterface
 .text.USBD_CDC_SetTxBuffer
                0x0000000008006938       0x32 Middlewares/USB_Device_Library/usbd_cdc.o
                0x0000000008006938                USBD_CDC_SetTxBuffer
 .text.USBD_CDC_SetRxBuffer
                0x000000000800696a       0x26 Middlewares/USB_Device_Library/usbd_cdc.o
                0x000000000800696a                USBD_CDC_SetRxBuffer
 .text.USBD_CDC_ReceivePacket
                0x0000000008006990       0x54 Middlewares/USB_Device_Library/usbd_cdc.o
                0x0000000008006990                USBD_CDC_ReceivePacket
 .text.USBD_Init
                0x00000000080069e4       0x56 Middlewares/USB_Device_Library/usbd_core.o
                0x00000000080069e4                USBD_Init
 .text.USBD_RegisterClass
                0x0000000008006a3a       0x32 Middlewares/USB_Device_Library/usbd_core.o
                0x0000000008006a3a                USBD_RegisterClass
 .text.USBD_Start
                0x0000000008006a6c       0x18 Middlewares/USB_Device_Library/usbd_core.o
                0x0000000008006a6c                USBD_Start
 .text.USBD_RunTestMode
                0x0000000008006a84       0x14 Middlewares/USB_Device_Library/usbd_core.o
                0x0000000008006a84                USBD_RunTestMode
 .text.USBD_SetClassConfig
                0x0000000008006a98       0x3e Middlewares/USB_Device_Library/usbd_core.o
                0x0000000008006a98                USBD_SetClassConfig
 .text.USBD_ClrClassConfig
                0x0000000008006ad6       0x26 Middlewares/USB_Device_Library/usbd_core.o
                0x0000000008006ad6                USBD_ClrClassConfig
 .text.USBD_LL_SetupStage
                0x0000000008006afc       0x9a Middlewares/USB_Device_Library/usbd_core.o
                0x0000000008006afc                USBD_LL_SetupStage
 .text.USBD_LL_DataOutStage
                0x0000000008006b96       0xe2 Middlewares/USB_Device_Library/usbd_core.o
                0x0000000008006b96                USBD_LL_DataOutStage
 .text.USBD_LL_DataInStage
                0x0000000008006c78      0x14a Middlewares/USB_Device_Library/usbd_core.o
                0x0000000008006c78                USBD_LL_DataInStage
 .text.USBD_LL_Reset
                0x0000000008006dc2       0x82 Middlewares/USB_Device_Library/usbd_core.o
                0x0000000008006dc2                USBD_LL_Reset
 .text.USBD_LL_SetSpeed
                0x0000000008006e44       0x1e Middlewares/USB_Device_Library/usbd_core.o
                0x0000000008006e44                USBD_LL_SetSpeed
 .text.USBD_LL_Suspend
                0x0000000008006e62       0x28 Middlewares/USB_Device_Library/usbd_core.o
                0x0000000008006e62                USBD_LL_Suspend
 .text.USBD_LL_Resume
                0x0000000008006e8a       0x2a Middlewares/USB_Device_Library/usbd_core.o
                0x0000000008006e8a                USBD_LL_Resume
 .text.USBD_LL_SOF
                0x0000000008006eb4       0x34 Middlewares/USB_Device_Library/usbd_core.o
                0x0000000008006eb4                USBD_LL_SOF
 .text.USBD_StdDevReq
                0x0000000008006ee8       0xd4 Middlewares/USB_Device_Library/usbd_ctlreq.o
                0x0000000008006ee8                USBD_StdDevReq
 .text.USBD_StdItfReq
                0x0000000008006fbc       0x90 Middlewares/USB_Device_Library/usbd_ctlreq.o
                0x0000000008006fbc                USBD_StdItfReq
 .text.USBD_StdEPReq
                0x000000000800704c      0x2c6 Middlewares/USB_Device_Library/usbd_ctlreq.o
                0x000000000800704c                USBD_StdEPReq
 *fill*         0x0000000008007312        0x2 
 .text.USBD_GetDescriptor
                0x0000000008007314      0x2d0 Middlewares/USB_Device_Library/usbd_ctlreq.o
 .text.USBD_SetAddress
                0x00000000080075e4       0x86 Middlewares/USB_Device_Library/usbd_ctlreq.o
 *fill*         0x000000000800766a        0x2 
 .text.USBD_SetConfig
                0x000000000800766c      0x11c Middlewares/USB_Device_Library/usbd_ctlreq.o
 .text.USBD_GetConfig
                0x0000000008007788       0x6a Middlewares/USB_Device_Library/usbd_ctlreq.o
 .text.USBD_GetStatus
                0x00000000080077f2       0x66 Middlewares/USB_Device_Library/usbd_ctlreq.o
 .text.USBD_SetFeature
                0x0000000008007858       0x28 Middlewares/USB_Device_Library/usbd_ctlreq.o
 .text.USBD_ClrFeature
                0x0000000008007880       0x42 Middlewares/USB_Device_Library/usbd_ctlreq.o
 .text.USBD_ParseSetupRequest
                0x00000000080078c2       0x78 Middlewares/USB_Device_Library/usbd_ctlreq.o
                0x00000000080078c2                USBD_ParseSetupRequest
 .text.USBD_CtlError
                0x000000000800793a       0x22 Middlewares/USB_Device_Library/usbd_ctlreq.o
                0x000000000800793a                USBD_CtlError
 .text.USBD_GetString
                0x000000000800795c       0x84 Middlewares/USB_Device_Library/usbd_ctlreq.o
                0x000000000800795c                USBD_GetString
 .text.USBD_GetLen
                0x00000000080079e0       0x2e Middlewares/USB_Device_Library/usbd_ctlreq.o
 .text.USBD_CtlSendData
                0x0000000008007a0e       0x38 Middlewares/USB_Device_Library/usbd_ioreq.o
                0x0000000008007a0e                USBD_CtlSendData
 .text.USBD_CtlContinueSendData
                0x0000000008007a46       0x24 Middlewares/USB_Device_Library/usbd_ioreq.o
                0x0000000008007a46                USBD_CtlContinueSendData
 .text.USBD_CtlPrepareRx
                0x0000000008007a6a       0x3c Middlewares/USB_Device_Library/usbd_ioreq.o
                0x0000000008007a6a                USBD_CtlPrepareRx
 .text.USBD_CtlContinueRx
                0x0000000008007aa6       0x24 Middlewares/USB_Device_Library/usbd_ioreq.o
                0x0000000008007aa6                USBD_CtlContinueRx
 .text.USBD_CtlSendStatus
                0x0000000008007aca       0x26 Middlewares/USB_Device_Library/usbd_ioreq.o
                0x0000000008007aca                USBD_CtlSendStatus
 .text.USBD_CtlReceiveStatus
                0x0000000008007af0       0x26 Middlewares/USB_Device_Library/usbd_ioreq.o
                0x0000000008007af0                USBD_CtlReceiveStatus
 *fill*         0x0000000008007b16        0x2 
 .text.Hal_Regist_ISR
                0x0000000008007b18       0x58 Modules/Src/modules.o
                0x0000000008007b18                Hal_Regist_ISR
 .text.SysTick_Handler_Callback
                0x0000000008007b70       0x3c Modules/Src/modules.o
                0x0000000008007b70                SysTick_Handler_Callback
 .text.Multi_Timer_Init
                0x0000000008007bac       0x50 Modules/Src/modules.o
                0x0000000008007bac                Multi_Timer_Init
 .text.read_button1_GPIO
                0x0000000008007bfc       0x18 Modules/Src/modules.o
                0x0000000008007bfc                read_button1_GPIO
 .text.read_button2_GPIO
                0x0000000008007c14       0x18 Modules/Src/modules.o
                0x0000000008007c14                read_button2_GPIO
 .text.Multi_Button_Init
                0x0000000008007c2c       0x64 Modules/Src/modules.o
                0x0000000008007c2c                Multi_Button_Init
 .text.timer1_callback
                0x0000000008007c90       0x20 Modules/Src/modules.o
                0x0000000008007c90                timer1_callback
 .text.timer2_callback
                0x0000000008007cb0       0x20 Modules/Src/modules.o
                0x0000000008007cb0                timer2_callback
 .text.BTN1_PRESS_DOWN_Handler
                0x0000000008007cd0       0x1c Modules/Src/modules.o
                0x0000000008007cd0                BTN1_PRESS_DOWN_Handler
 .text.BTN2_PRESS_DOWN_Handler
                0x0000000008007cec       0x1c Modules/Src/modules.o
                0x0000000008007cec                BTN2_PRESS_DOWN_Handler
 .text.button_init
                0x0000000008007d08       0x5c Modules/Src/multi_button.o
                0x0000000008007d08                button_init
 .text.button_attach
                0x0000000008007d64       0x24 Modules/Src/multi_button.o
                0x0000000008007d64                button_attach
 .text.button_handler
                0x0000000008007d88      0x34c Modules/Src/multi_button.o
                0x0000000008007d88                button_handler
 .text.button_start
                0x00000000080080d4       0x48 Modules/Src/multi_button.o
                0x00000000080080d4                button_start
 .text.button_ticks
                0x000000000800811c       0x4c Modules/Src/multi_button.o
                0x000000000800811c                button_ticks
 .text.timer_init
                0x0000000008008168       0x30 Modules/Src/multi_timer.o
                0x0000000008008168                timer_init
 .text.timer_start
                0x0000000008008198       0x5c Modules/Src/multi_timer.o
                0x0000000008008198                timer_start
 .text.timer_stop
                0x00000000080081f4       0x44 Modules/Src/multi_timer.o
                0x00000000080081f4                timer_stop
 .text.timer_loop
                0x0000000008008238       0x80 Modules/Src/multi_timer.o
                0x0000000008008238                timer_loop
 .text.timer_ticks
                0x00000000080082b8       0x1c Modules/Src/multi_timer.o
                0x00000000080082b8                timer_ticks
 .text.__errno  0x00000000080082d4        0xc d:/st/stm32cubeide_1.6.1/stm32cubeide/plugins/com.st.stm32cube.ide.mcu.externaltools.gnu-tools-for-stm32.9-2020-q2-update.win32_1.5.0.202011040924/tools/bin/../lib/gcc/arm-none-eabi/9.3.1/../../../../arm-none-eabi/lib/thumb/v7-m/nofp\libc_nano.a(lib_a-errno.o)
                0x00000000080082d4                __errno
 .text.__libc_init_array
                0x00000000080082e0       0x48 d:/st/stm32cubeide_1.6.1/stm32cubeide/plugins/com.st.stm32cube.ide.mcu.externaltools.gnu-tools-for-stm32.9-2020-q2-update.win32_1.5.0.202011040924/tools/bin/../lib/gcc/arm-none-eabi/9.3.1/../../../../arm-none-eabi/lib/thumb/v7-m/nofp\libc_nano.a(lib_a-init.o)
                0x00000000080082e0                __libc_init_array
 .text.memset   0x0000000008008328       0x10 d:/st/stm32cubeide_1.6.1/stm32cubeide/plugins/com.st.stm32cube.ide.mcu.externaltools.gnu-tools-for-stm32.9-2020-q2-update.win32_1.5.0.202011040924/tools/bin/../lib/gcc/arm-none-eabi/9.3.1/../../../../arm-none-eabi/lib/thumb/v7-m/nofp\libc_nano.a(lib_a-memset.o)
                0x0000000008008328                memset
 .text._puts_r  0x0000000008008338       0xdc d:/st/stm32cubeide_1.6.1/stm32cubeide/plugins/com.st.stm32cube.ide.mcu.externaltools.gnu-tools-for-stm32.9-2020-q2-update.win32_1.5.0.202011040924/tools/bin/../lib/gcc/arm-none-eabi/9.3.1/../../../../arm-none-eabi/lib/thumb/v7-m/nofp\libc_nano.a(lib_a-puts.o)
                0x0000000008008338                _puts_r
 .text.puts     0x0000000008008414       0x10 d:/st/stm32cubeide_1.6.1/stm32cubeide/plugins/com.st.stm32cube.ide.mcu.externaltools.gnu-tools-for-stm32.9-2020-q2-update.win32_1.5.0.202011040924/tools/bin/../lib/gcc/arm-none-eabi/9.3.1/../../../../arm-none-eabi/lib/thumb/v7-m/nofp\libc_nano.a(lib_a-puts.o)
                0x0000000008008414                puts
 .text.__swbuf_r
                0x0000000008008424       0xa4 d:/st/stm32cubeide_1.6.1/stm32cubeide/plugins/com.st.stm32cube.ide.mcu.externaltools.gnu-tools-for-stm32.9-2020-q2-update.win32_1.5.0.202011040924/tools/bin/../lib/gcc/arm-none-eabi/9.3.1/../../../../arm-none-eabi/lib/thumb/v7-m/nofp\libc_nano.a(lib_a-wbuf.o)
                0x0000000008008424                __swbuf_r
 .text.__swsetup_r
                0x00000000080084c8       0xdc d:/st/stm32cubeide_1.6.1/stm32cubeide/plugins/com.st.stm32cube.ide.mcu.externaltools.gnu-tools-for-stm32.9-2020-q2-update.win32_1.5.0.202011040924/tools/bin/../lib/gcc/arm-none-eabi/9.3.1/../../../../arm-none-eabi/lib/thumb/v7-m/nofp\libc_nano.a(lib_a-wsetup.o)
                0x00000000080084c8                __swsetup_r
 .text.__sflush_r
                0x00000000080085a4      0x10c d:/st/stm32cubeide_1.6.1/stm32cubeide/plugins/com.st.stm32cube.ide.mcu.externaltools.gnu-tools-for-stm32.9-2020-q2-update.win32_1.5.0.202011040924/tools/bin/../lib/gcc/arm-none-eabi/9.3.1/../../../../arm-none-eabi/lib/thumb/v7-m/nofp\libc_nano.a(lib_a-fflush.o)
                0x00000000080085a4                __sflush_r
 .text._fflush_r
                0x00000000080086b0       0x78 d:/st/stm32cubeide_1.6.1/stm32cubeide/plugins/com.st.stm32cube.ide.mcu.externaltools.gnu-tools-for-stm32.9-2020-q2-update.win32_1.5.0.202011040924/tools/bin/../lib/gcc/arm-none-eabi/9.3.1/../../../../arm-none-eabi/lib/thumb/v7-m/nofp\libc_nano.a(lib_a-fflush.o)
                0x00000000080086b0                _fflush_r
 .text.std      0x0000000008008728       0x48 d:/st/stm32cubeide_1.6.1/stm32cubeide/plugins/com.st.stm32cube.ide.mcu.externaltools.gnu-tools-for-stm32.9-2020-q2-update.win32_1.5.0.202011040924/tools/bin/../lib/gcc/arm-none-eabi/9.3.1/../../../../arm-none-eabi/lib/thumb/v7-m/nofp\libc_nano.a(lib_a-findfp.o)
 .text._cleanup_r
                0x0000000008008770        0xc d:/st/stm32cubeide_1.6.1/stm32cubeide/plugins/com.st.stm32cube.ide.mcu.externaltools.gnu-tools-for-stm32.9-2020-q2-update.win32_1.5.0.202011040924/tools/bin/../lib/gcc/arm-none-eabi/9.3.1/../../../../arm-none-eabi/lib/thumb/v7-m/nofp\libc_nano.a(lib_a-findfp.o)
                0x0000000008008770                _cleanup_r
 .text.__sfmoreglue
                0x000000000800877c       0x2c d:/st/stm32cubeide_1.6.1/stm32cubeide/plugins/com.st.stm32cube.ide.mcu.externaltools.gnu-tools-for-stm32.9-2020-q2-update.win32_1.5.0.202011040924/tools/bin/../lib/gcc/arm-none-eabi/9.3.1/../../../../arm-none-eabi/lib/thumb/v7-m/nofp\libc_nano.a(lib_a-findfp.o)
                0x000000000800877c                __sfmoreglue
 .text.__sfp_lock_acquire
                0x00000000080087a8        0xc d:/st/stm32cubeide_1.6.1/stm32cubeide/plugins/com.st.stm32cube.ide.mcu.externaltools.gnu-tools-for-stm32.9-2020-q2-update.win32_1.5.0.202011040924/tools/bin/../lib/gcc/arm-none-eabi/9.3.1/../../../../arm-none-eabi/lib/thumb/v7-m/nofp\libc_nano.a(lib_a-findfp.o)
                0x00000000080087a8                __sfp_lock_acquire
 .text.__sfp_lock_release
                0x00000000080087b4        0xc d:/st/stm32cubeide_1.6.1/stm32cubeide/plugins/com.st.stm32cube.ide.mcu.externaltools.gnu-tools-for-stm32.9-2020-q2-update.win32_1.5.0.202011040924/tools/bin/../lib/gcc/arm-none-eabi/9.3.1/../../../../arm-none-eabi/lib/thumb/v7-m/nofp\libc_nano.a(lib_a-findfp.o)
                0x00000000080087b4                __sfp_lock_release
 .text.__sinit_lock_acquire
                0x00000000080087c0        0xc d:/st/stm32cubeide_1.6.1/stm32cubeide/plugins/com.st.stm32cube.ide.mcu.externaltools.gnu-tools-for-stm32.9-2020-q2-update.win32_1.5.0.202011040924/tools/bin/../lib/gcc/arm-none-eabi/9.3.1/../../../../arm-none-eabi/lib/thumb/v7-m/nofp\libc_nano.a(lib_a-findfp.o)
                0x00000000080087c0                __sinit_lock_acquire
 .text.__sinit_lock_release
                0x00000000080087cc        0xc d:/st/stm32cubeide_1.6.1/stm32cubeide/plugins/com.st.stm32cube.ide.mcu.externaltools.gnu-tools-for-stm32.9-2020-q2-update.win32_1.5.0.202011040924/tools/bin/../lib/gcc/arm-none-eabi/9.3.1/../../../../arm-none-eabi/lib/thumb/v7-m/nofp\libc_nano.a(lib_a-findfp.o)
                0x00000000080087cc                __sinit_lock_release
 .text.__sinit  0x00000000080087d8       0x70 d:/st/stm32cubeide_1.6.1/stm32cubeide/plugins/com.st.stm32cube.ide.mcu.externaltools.gnu-tools-for-stm32.9-2020-q2-update.win32_1.5.0.202011040924/tools/bin/../lib/gcc/arm-none-eabi/9.3.1/../../../../arm-none-eabi/lib/thumb/v7-m/nofp\libc_nano.a(lib_a-findfp.o)
                0x00000000080087d8                __sinit
 .text.__sfp    0x0000000008008848       0x8c d:/st/stm32cubeide_1.6.1/stm32cubeide/plugins/com.st.stm32cube.ide.mcu.externaltools.gnu-tools-for-stm32.9-2020-q2-update.win32_1.5.0.202011040924/tools/bin/../lib/gcc/arm-none-eabi/9.3.1/../../../../arm-none-eabi/lib/thumb/v7-m/nofp\libc_nano.a(lib_a-findfp.o)
                0x0000000008008848                __sfp
 .text._fwalk_reent
                0x00000000080088d4       0x3e d:/st/stm32cubeide_1.6.1/stm32cubeide/plugins/com.st.stm32cube.ide.mcu.externaltools.gnu-tools-for-stm32.9-2020-q2-update.win32_1.5.0.202011040924/tools/bin/../lib/gcc/arm-none-eabi/9.3.1/../../../../arm-none-eabi/lib/thumb/v7-m/nofp\libc_nano.a(lib_a-fwalk.o)
                0x00000000080088d4                _fwalk_reent
 .text.__retarget_lock_init_recursive
                0x0000000008008912        0x2 d:/st/stm32cubeide_1.6.1/stm32cubeide/plugins/com.st.stm32cube.ide.mcu.externaltools.gnu-tools-for-stm32.9-2020-q2-update.win32_1.5.0.202011040924/tools/bin/../lib/gcc/arm-none-eabi/9.3.1/../../../../arm-none-eabi/lib/thumb/v7-m/nofp\libc_nano.a(lib_a-lock.o)
                0x0000000008008912                __retarget_lock_init_recursive
 .text.__retarget_lock_acquire_recursive
                0x0000000008008914        0x2 d:/st/stm32cubeide_1.6.1/stm32cubeide/plugins/com.st.stm32cube.ide.mcu.externaltools.gnu-tools-for-stm32.9-2020-q2-update.win32_1.5.0.202011040924/tools/bin/../lib/gcc/arm-none-eabi/9.3.1/../../../../arm-none-eabi/lib/thumb/v7-m/nofp\libc_nano.a(lib_a-lock.o)
                0x0000000008008914                __retarget_lock_acquire_recursive
 .text.__retarget_lock_release_recursive
                0x0000000008008916        0x2 d:/st/stm32cubeide_1.6.1/stm32cubeide/plugins/com.st.stm32cube.ide.mcu.externaltools.gnu-tools-for-stm32.9-2020-q2-update.win32_1.5.0.202011040924/tools/bin/../lib/gcc/arm-none-eabi/9.3.1/../../../../arm-none-eabi/lib/thumb/v7-m/nofp\libc_nano.a(lib_a-lock.o)
                0x0000000008008916                __retarget_lock_release_recursive
 .text.__swhatbuf_r
                0x0000000008008918       0x48 d:/st/stm32cubeide_1.6.1/stm32cubeide/plugins/com.st.stm32cube.ide.mcu.externaltools.gnu-tools-for-stm32.9-2020-q2-update.win32_1.5.0.202011040924/tools/bin/../lib/gcc/arm-none-eabi/9.3.1/../../../../arm-none-eabi/lib/thumb/v7-m/nofp\libc_nano.a(lib_a-makebuf.o)
                0x0000000008008918                __swhatbuf_r
 .text.__smakebuf_r
                0x0000000008008960       0x80 d:/st/stm32cubeide_1.6.1/stm32cubeide/plugins/com.st.stm32cube.ide.mcu.externaltools.gnu-tools-for-stm32.9-2020-q2-update.win32_1.5.0.202011040924/tools/bin/../lib/gcc/arm-none-eabi/9.3.1/../../../../arm-none-eabi/lib/thumb/v7-m/nofp\libc_nano.a(lib_a-makebuf.o)
                0x0000000008008960                __smakebuf_r
 .text._free_r  0x00000000080089e0       0x98 d:/st/stm32cubeide_1.6.1/stm32cubeide/plugins/com.st.stm32cube.ide.mcu.externaltools.gnu-tools-for-stm32.9-2020-q2-update.win32_1.5.0.202011040924/tools/bin/../lib/gcc/arm-none-eabi/9.3.1/../../../../arm-none-eabi/lib/thumb/v7-m/nofp\libc_nano.a(lib_a-nano-freer.o)
                0x00000000080089e0                _free_r
 .text._malloc_r
                0x0000000008008a78       0xb4 d:/st/stm32cubeide_1.6.1/stm32cubeide/plugins/com.st.stm32cube.ide.mcu.externaltools.gnu-tools-for-stm32.9-2020-q2-update.win32_1.5.0.202011040924/tools/bin/../lib/gcc/arm-none-eabi/9.3.1/../../../../arm-none-eabi/lib/thumb/v7-m/nofp\libc_nano.a(lib_a-nano-mallocr.o)
                0x0000000008008a78                _malloc_r
 .text._sbrk_r  0x0000000008008b2c       0x20 d:/st/stm32cubeide_1.6.1/stm32cubeide/plugins/com.st.stm32cube.ide.mcu.externaltools.gnu-tools-for-stm32.9-2020-q2-update.win32_1.5.0.202011040924/tools/bin/../lib/gcc/arm-none-eabi/9.3.1/../../../../arm-none-eabi/lib/thumb/v7-m/nofp\libc_nano.a(lib_a-sbrkr.o)
                0x0000000008008b2c                _sbrk_r
 .text.__sread  0x0000000008008b4c       0x22 d:/st/stm32cubeide_1.6.1/stm32cubeide/plugins/com.st.stm32cube.ide.mcu.externaltools.gnu-tools-for-stm32.9-2020-q2-update.win32_1.5.0.202011040924/tools/bin/../lib/gcc/arm-none-eabi/9.3.1/../../../../arm-none-eabi/lib/thumb/v7-m/nofp\libc_nano.a(lib_a-stdio.o)
                0x0000000008008b4c                __sread
 .text.__swrite
                0x0000000008008b6e       0x38 d:/st/stm32cubeide_1.6.1/stm32cubeide/plugins/com.st.stm32cube.ide.mcu.externaltools.gnu-tools-for-stm32.9-2020-q2-update.win32_1.5.0.202011040924/tools/bin/../lib/gcc/arm-none-eabi/9.3.1/../../../../arm-none-eabi/lib/thumb/v7-m/nofp\libc_nano.a(lib_a-stdio.o)
                0x0000000008008b6e                __swrite
 .text.__sseek  0x0000000008008ba6       0x24 d:/st/stm32cubeide_1.6.1/stm32cubeide/plugins/com.st.stm32cube.ide.mcu.externaltools.gnu-tools-for-stm32.9-2020-q2-update.win32_1.5.0.202011040924/tools/bin/../lib/gcc/arm-none-eabi/9.3.1/../../../../arm-none-eabi/lib/thumb/v7-m/nofp\libc_nano.a(lib_a-stdio.o)
                0x0000000008008ba6                __sseek
 .text.__sclose
                0x0000000008008bca        0x8 d:/st/stm32cubeide_1.6.1/stm32cubeide/plugins/com.st.stm32cube.ide.mcu.externaltools.gnu-tools-for-stm32.9-2020-q2-update.win32_1.5.0.202011040924/tools/bin/../lib/gcc/arm-none-eabi/9.3.1/../../../../arm-none-eabi/lib/thumb/v7-m/nofp\libc_nano.a(lib_a-stdio.o)
                0x0000000008008bca                __sclose
 *fill*         0x0000000008008bd2        0x2 
 .text._write_r
                0x0000000008008bd4       0x24 d:/st/stm32cubeide_1.6.1/stm32cubeide/plugins/com.st.stm32cube.ide.mcu.externaltools.gnu-tools-for-stm32.9-2020-q2-update.win32_1.5.0.202011040924/tools/bin/../lib/gcc/arm-none-eabi/9.3.1/../../../../arm-none-eabi/lib/thumb/v7-m/nofp\libc_nano.a(lib_a-writer.o)
                0x0000000008008bd4                _write_r
 .text._close_r
                0x0000000008008bf8       0x20 d:/st/stm32cubeide_1.6.1/stm32cubeide/plugins/com.st.stm32cube.ide.mcu.externaltools.gnu-tools-for-stm32.9-2020-q2-update.win32_1.5.0.202011040924/tools/bin/../lib/gcc/arm-none-eabi/9.3.1/../../../../arm-none-eabi/lib/thumb/v7-m/nofp\libc_nano.a(lib_a-closer.o)
                0x0000000008008bf8                _close_r
 .text._fstat_r
                0x0000000008008c18       0x24 d:/st/stm32cubeide_1.6.1/stm32cubeide/plugins/com.st.stm32cube.ide.mcu.externaltools.gnu-tools-for-stm32.9-2020-q2-update.win32_1.5.0.202011040924/tools/bin/../lib/gcc/arm-none-eabi/9.3.1/../../../../arm-none-eabi/lib/thumb/v7-m/nofp\libc_nano.a(lib_a-fstatr.o)
                0x0000000008008c18                _fstat_r
 .text._isatty_r
                0x0000000008008c3c       0x20 d:/st/stm32cubeide_1.6.1/stm32cubeide/plugins/com.st.stm32cube.ide.mcu.externaltools.gnu-tools-for-stm32.9-2020-q2-update.win32_1.5.0.202011040924/tools/bin/../lib/gcc/arm-none-eabi/9.3.1/../../../../arm-none-eabi/lib/thumb/v7-m/nofp\libc_nano.a(lib_a-isattyr.o)
                0x0000000008008c3c                _isatty_r
 .text._lseek_r
                0x0000000008008c5c       0x24 d:/st/stm32cubeide_1.6.1/stm32cubeide/plugins/com.st.stm32cube.ide.mcu.externaltools.gnu-tools-for-stm32.9-2020-q2-update.win32_1.5.0.202011040924/tools/bin/../lib/gcc/arm-none-eabi/9.3.1/../../../../arm-none-eabi/lib/thumb/v7-m/nofp\libc_nano.a(lib_a-lseekr.o)
                0x0000000008008c5c                _lseek_r
 .text.__malloc_lock
                0x0000000008008c80        0xc d:/st/stm32cubeide_1.6.1/stm32cubeide/plugins/com.st.stm32cube.ide.mcu.externaltools.gnu-tools-for-stm32.9-2020-q2-update.win32_1.5.0.202011040924/tools/bin/../lib/gcc/arm-none-eabi/9.3.1/../../../../arm-none-eabi/lib/thumb/v7-m/nofp\libc_nano.a(lib_a-mlock.o)
                0x0000000008008c80                __malloc_lock
 .text.__malloc_unlock
                0x0000000008008c8c        0xc d:/st/stm32cubeide_1.6.1/stm32cubeide/plugins/com.st.stm32cube.ide.mcu.externaltools.gnu-tools-for-stm32.9-2020-q2-update.win32_1.5.0.202011040924/tools/bin/../lib/gcc/arm-none-eabi/9.3.1/../../../../arm-none-eabi/lib/thumb/v7-m/nofp\libc_nano.a(lib_a-mlock.o)
                0x0000000008008c8c                __malloc_unlock
 .text._read_r  0x0000000008008c98       0x24 d:/st/stm32cubeide_1.6.1/stm32cubeide/plugins/com.st.stm32cube.ide.mcu.externaltools.gnu-tools-for-stm32.9-2020-q2-update.win32_1.5.0.202011040924/tools/bin/../lib/gcc/arm-none-eabi/9.3.1/../../../../arm-none-eabi/lib/thumb/v7-m/nofp\libc_nano.a(lib_a-readr.o)
                0x0000000008008c98                _read_r
 *(.glue_7)
 .glue_7        0x0000000008008cbc        0x0 linker stubs
 *(.glue_7t)
 .glue_7t       0x0000000008008cbc        0x0 linker stubs
 *(.eh_frame)
 .eh_frame      0x0000000008008cbc        0x0 d:/st/stm32cubeide_1.6.1/stm32cubeide/plugins/com.st.stm32cube.ide.mcu.externaltools.gnu-tools-for-stm32.9-2020-q2-update.win32_1.5.0.202011040924/tools/bin/../lib/gcc/arm-none-eabi/9.3.1/thumb/v7-m/nofp/crtbegin.o
 *(.init)
 .init          0x0000000008008cbc        0x4 d:/st/stm32cubeide_1.6.1/stm32cubeide/plugins/com.st.stm32cube.ide.mcu.externaltools.gnu-tools-for-stm32.9-2020-q2-update.win32_1.5.0.202011040924/tools/bin/../lib/gcc/arm-none-eabi/9.3.1/thumb/v7-m/nofp/crti.o
                0x0000000008008cbc                _init
 .init          0x0000000008008cc0        0x8 d:/st/stm32cubeide_1.6.1/stm32cubeide/plugins/com.st.stm32cube.ide.mcu.externaltools.gnu-tools-for-stm32.9-2020-q2-update.win32_1.5.0.202011040924/tools/bin/../lib/gcc/arm-none-eabi/9.3.1/thumb/v7-m/nofp/crtn.o
 *(.fini)
 .fini          0x0000000008008cc8        0x4 d:/st/stm32cubeide_1.6.1/stm32cubeide/plugins/com.st.stm32cube.ide.mcu.externaltools.gnu-tools-for-stm32.9-2020-q2-update.win32_1.5.0.202011040924/tools/bin/../lib/gcc/arm-none-eabi/9.3.1/thumb/v7-m/nofp/crti.o
                0x0000000008008cc8                _fini
 .fini          0x0000000008008ccc        0x8 d:/st/stm32cubeide_1.6.1/stm32cubeide/plugins/com.st.stm32cube.ide.mcu.externaltools.gnu-tools-for-stm32.9-2020-q2-update.win32_1.5.0.202011040924/tools/bin/../lib/gcc/arm-none-eabi/9.3.1/thumb/v7-m/nofp/crtn.o
                0x0000000008008cd4                . = ALIGN (0x4)
                0x0000000008008cd4                _etext = .

.vfp11_veneer   0x0000000008008cd4        0x0
 .vfp11_veneer  0x0000000008008cd4        0x0 linker stubs

.v4_bx          0x0000000008008cd4        0x0
 .v4_bx         0x0000000008008cd4        0x0 linker stubs

.iplt           0x0000000008008cd4        0x0
 .iplt          0x0000000008008cd4        0x0 d:/st/stm32cubeide_1.6.1/stm32cubeide/plugins/com.st.stm32cube.ide.mcu.externaltools.gnu-tools-for-stm32.9-2020-q2-update.win32_1.5.0.202011040924/tools/bin/../lib/gcc/arm-none-eabi/9.3.1/thumb/v7-m/nofp/crtbegin.o

.rodata         0x0000000008008cd4      0x11c
                0x0000000008008cd4                . = ALIGN (0x4)
 *(.rodata)
 .rodata        0x0000000008008cd4        0x7 Application/User/Core/main.o
 *fill*         0x0000000008008cdb        0x1 
 .rodata        0x0000000008008cdc       0x46 Application/User/USB_DEVICE/App/usbd_desc.o
 *fill*         0x0000000008008d22        0x2 
 .rodata        0x0000000008008d24       0x10 Drivers/STM32F1xx_HAL_Driver/stm32f1xx_hal_rcc.o
 .rodata        0x0000000008008d34       0x3d Modules/Src/modules.o
 *(.rodata*)
 *fill*         0x0000000008008d71        0x3 
 .rodata.AHBPrescTable
                0x0000000008008d74       0x10 Drivers/CMSIS/system_stm32f1xx.o
                0x0000000008008d74                AHBPrescTable
 .rodata.APBPrescTable
                0x0000000008008d84        0x8 Drivers/CMSIS/system_stm32f1xx.o
                0x0000000008008d84                APBPrescTable
 .rodata._global_impure_ptr
                0x0000000008008d8c        0x4 d:/st/stm32cubeide_1.6.1/stm32cubeide/plugins/com.st.stm32cube.ide.mcu.externaltools.gnu-tools-for-stm32.9-2020-q2-update.win32_1.5.0.202011040924/tools/bin/../lib/gcc/arm-none-eabi/9.3.1/../../../../arm-none-eabi/lib/thumb/v7-m/nofp\libc_nano.a(lib_a-impure.o)
                0x0000000008008d8c                _global_impure_ptr
 .rodata.__sf_fake_stderr
                0x0000000008008d90       0x20 d:/st/stm32cubeide_1.6.1/stm32cubeide/plugins/com.st.stm32cube.ide.mcu.externaltools.gnu-tools-for-stm32.9-2020-q2-update.win32_1.5.0.202011040924/tools/bin/../lib/gcc/arm-none-eabi/9.3.1/../../../../arm-none-eabi/lib/thumb/v7-m/nofp\libc_nano.a(lib_a-findfp.o)
                0x0000000008008d90                __sf_fake_stderr
 .rodata.__sf_fake_stdin
                0x0000000008008db0       0x20 d:/st/stm32cubeide_1.6.1/stm32cubeide/plugins/com.st.stm32cube.ide.mcu.externaltools.gnu-tools-for-stm32.9-2020-q2-update.win32_1.5.0.202011040924/tools/bin/../lib/gcc/arm-none-eabi/9.3.1/../../../../arm-none-eabi/lib/thumb/v7-m/nofp\libc_nano.a(lib_a-findfp.o)
                0x0000000008008db0                __sf_fake_stdin
 .rodata.__sf_fake_stdout
                0x0000000008008dd0       0x20 d:/st/stm32cubeide_1.6.1/stm32cubeide/plugins/com.st.stm32cube.ide.mcu.externaltools.gnu-tools-for-stm32.9-2020-q2-update.win32_1.5.0.202011040924/tools/bin/../lib/gcc/arm-none-eabi/9.3.1/../../../../arm-none-eabi/lib/thumb/v7-m/nofp\libc_nano.a(lib_a-findfp.o)
                0x0000000008008dd0                __sf_fake_stdout
                0x0000000008008df0                . = ALIGN (0x4)

.rel.dyn        0x0000000008008df0        0x0
 .rel.iplt      0x0000000008008df0        0x0 d:/st/stm32cubeide_1.6.1/stm32cubeide/plugins/com.st.stm32cube.ide.mcu.externaltools.gnu-tools-for-stm32.9-2020-q2-update.win32_1.5.0.202011040924/tools/bin/../lib/gcc/arm-none-eabi/9.3.1/thumb/v7-m/nofp/crtbegin.o

.ARM.extab      0x0000000008008df0        0x0
                0x0000000008008df0                . = ALIGN (0x4)
 *(.ARM.extab* .gnu.linkonce.armextab.*)
                0x0000000008008df0                . = ALIGN (0x4)

.ARM            0x0000000008008df0        0x0
                0x0000000008008df0                . = ALIGN (0x4)
                0x0000000008008df0                __exidx_start = .
 *(.ARM.exidx*)
                0x0000000008008df0                __exidx_end = .
                0x0000000008008df0                . = ALIGN (0x4)

.preinit_array  0x0000000008008df0        0x0
                0x0000000008008df0                . = ALIGN (0x4)
                0x0000000008008df0                PROVIDE (__preinit_array_start = .)
 *(.preinit_array*)
                0x0000000008008df0                PROVIDE (__preinit_array_end = .)
                0x0000000008008df0                . = ALIGN (0x4)

.init_array     0x0000000008008df0        0x4
                0x0000000008008df0                . = ALIGN (0x4)
                0x0000000008008df0                PROVIDE (__init_array_start = .)
 *(SORT_BY_NAME(.init_array.*))
 *(.init_array*)
 .init_array    0x0000000008008df0        0x4 d:/st/stm32cubeide_1.6.1/stm32cubeide/plugins/com.st.stm32cube.ide.mcu.externaltools.gnu-tools-for-stm32.9-2020-q2-update.win32_1.5.0.202011040924/tools/bin/../lib/gcc/arm-none-eabi/9.3.1/thumb/v7-m/nofp/crtbegin.o
                0x0000000008008df4                PROVIDE (__init_array_end = .)
                0x0000000008008df4                . = ALIGN (0x4)

.fini_array     0x0000000008008df4        0x4
                0x0000000008008df4                . = ALIGN (0x4)
                [!provide]                        PROVIDE (__fini_array_start = .)
 *(SORT_BY_NAME(.fini_array.*))
 *(.fini_array*)
 .fini_array    0x0000000008008df4        0x4 d:/st/stm32cubeide_1.6.1/stm32cubeide/plugins/com.st.stm32cube.ide.mcu.externaltools.gnu-tools-for-stm32.9-2020-q2-update.win32_1.5.0.202011040924/tools/bin/../lib/gcc/arm-none-eabi/9.3.1/thumb/v7-m/nofp/crtbegin.o
                [!provide]                        PROVIDE (__fini_array_end = .)
                0x0000000008008df8                . = ALIGN (0x4)
                0x0000000008008df8                _sidata = LOADADDR (.data)

.data           0x0000000020000000      0x1e0 load address 0x0000000008008df8
                0x0000000020000000                . = ALIGN (0x4)
                0x0000000020000000                _sdata = .
 *(.data)
 *(.data*)
 .data.USBD_Interface_fops_FS
                0x0000000020000000       0x10 Application/User/USB_DEVICE/App/usbd_cdc_if.o
                0x0000000020000000                USBD_Interface_fops_FS
 .data.FS_Desc  0x0000000020000010       0x1c Application/User/USB_DEVICE/App/usbd_desc.o
                0x0000000020000010                FS_Desc
 .data.USBD_FS_DeviceDesc
                0x000000002000002c       0x12 Application/User/USB_DEVICE/App/usbd_desc.o
                0x000000002000002c                USBD_FS_DeviceDesc
 *fill*         0x000000002000003e        0x2 
 .data.USBD_LangIDDesc
                0x0000000020000040        0x4 Application/User/USB_DEVICE/App/usbd_desc.o
                0x0000000020000040                USBD_LangIDDesc
 .data.USBD_StringSerial
                0x0000000020000044       0x1a Application/User/USB_DEVICE/App/usbd_desc.o
                0x0000000020000044                USBD_StringSerial
 *fill*         0x000000002000005e        0x2 
 .data.SystemCoreClock
                0x0000000020000060        0x4 Drivers/CMSIS/system_stm32f1xx.o
                0x0000000020000060                SystemCoreClock
 .data.uwTickPrio
                0x0000000020000064        0x4 Drivers/STM32F1xx_HAL_Driver/stm32f1xx_hal.o
                0x0000000020000064                uwTickPrio
 .data.uwTickFreq
                0x0000000020000068        0x1 Drivers/STM32F1xx_HAL_Driver/stm32f1xx_hal.o
                0x0000000020000068                uwTickFreq
 *fill*         0x0000000020000069        0x3 
 .data.USBD_CDC_DeviceQualifierDesc
                0x000000002000006c        0xa Middlewares/USB_Device_Library/usbd_cdc.o
 *fill*         0x0000000020000076        0x2 
 .data.USBD_CDC
                0x0000000020000078       0x38 Middlewares/USB_Device_Library/usbd_cdc.o
                0x0000000020000078                USBD_CDC
 .data.USBD_CDC_CfgHSDesc
                0x00000000200000b0       0x43 Middlewares/USB_Device_Library/usbd_cdc.o
                0x00000000200000b0                USBD_CDC_CfgHSDesc
 *fill*         0x00000000200000f3        0x1 
 .data.USBD_CDC_CfgFSDesc
                0x00000000200000f4       0x43 Middlewares/USB_Device_Library/usbd_cdc.o
                0x00000000200000f4                USBD_CDC_CfgFSDesc
 *fill*         0x0000000020000137        0x1 
 .data.USBD_CDC_OtherSpeedCfgDesc
                0x0000000020000138       0x43 Middlewares/USB_Device_Library/usbd_cdc.o
                0x0000000020000138                USBD_CDC_OtherSpeedCfgDesc
 *fill*         0x000000002000017b        0x1 
 .data._impure_ptr
                0x000000002000017c        0x4 d:/st/stm32cubeide_1.6.1/stm32cubeide/plugins/com.st.stm32cube.ide.mcu.externaltools.gnu-tools-for-stm32.9-2020-q2-update.win32_1.5.0.202011040924/tools/bin/../lib/gcc/arm-none-eabi/9.3.1/../../../../arm-none-eabi/lib/thumb/v7-m/nofp\libc_nano.a(lib_a-impure.o)
                0x000000002000017c                _impure_ptr
 .data.impure_data
                0x0000000020000180       0x60 d:/st/stm32cubeide_1.6.1/stm32cubeide/plugins/com.st.stm32cube.ide.mcu.externaltools.gnu-tools-for-stm32.9-2020-q2-update.win32_1.5.0.202011040924/tools/bin/../lib/gcc/arm-none-eabi/9.3.1/../../../../arm-none-eabi/lib/thumb/v7-m/nofp\libc_nano.a(lib_a-impure.o)
                0x00000000200001e0                . = ALIGN (0x4)
                0x00000000200001e0                _edata = .

.igot.plt       0x00000000200001e0        0x0 load address 0x0000000008008fd8
 .igot.plt      0x00000000200001e0        0x0 d:/st/stm32cubeide_1.6.1/stm32cubeide/plugins/com.st.stm32cube.ide.mcu.externaltools.gnu-tools-for-stm32.9-2020-q2-update.win32_1.5.0.202011040924/tools/bin/../lib/gcc/arm-none-eabi/9.3.1/thumb/v7-m/nofp/crtbegin.o
                0x00000000200001e0                . = ALIGN (0x4)

.bss            0x00000000200001e0     0x12cc load address 0x0000000008008fd8
                0x00000000200001e0                _sbss = .
                0x00000000200001e0                __bss_start__ = _sbss
 *(.bss)
 .bss           0x00000000200001e0       0x1c d:/st/stm32cubeide_1.6.1/stm32cubeide/plugins/com.st.stm32cube.ide.mcu.externaltools.gnu-tools-for-stm32.9-2020-q2-update.win32_1.5.0.202011040924/tools/bin/../lib/gcc/arm-none-eabi/9.3.1/thumb/v7-m/nofp/crtbegin.o
 *(.bss*)
 .bss.__sbrk_heap_end
                0x00000000200001fc        0x4 Application/User/Core/sysmem.o
 .bss.mem.8049  0x0000000020000200      0x220 Application/User/USB_DEVICE/Target/usbd_conf.o
 .bss.cfgidx.7979
                0x0000000020000420        0x1 Middlewares/USB_Device_Library/usbd_ctlreq.o
 *fill*         0x0000000020000421        0x3 
 .bss.head_handle
                0x0000000020000424        0x4 Modules/Src/multi_button.o
 .bss._timer_ticks
                0x0000000020000428        0x1 Modules/Src/multi_button.o
 *fill*         0x0000000020000429        0x3 
 .bss.head_handle
                0x000000002000042c        0x4 Modules/Src/multi_timer.o
 .bss._timer_ticks
                0x0000000020000430        0x4 Modules/Src/multi_timer.o
 .bss.__malloc_free_list
                0x0000000020000434        0x4 d:/st/stm32cubeide_1.6.1/stm32cubeide/plugins/com.st.stm32cube.ide.mcu.externaltools.gnu-tools-for-stm32.9-2020-q2-update.win32_1.5.0.202011040924/tools/bin/../lib/gcc/arm-none-eabi/9.3.1/../../../../arm-none-eabi/lib/thumb/v7-m/nofp\libc_nano.a(lib_a-nano-mallocr.o)
                0x0000000020000434                __malloc_free_list
 .bss.__malloc_sbrk_start
                0x0000000020000438        0x4 d:/st/stm32cubeide_1.6.1/stm32cubeide/plugins/com.st.stm32cube.ide.mcu.externaltools.gnu-tools-for-stm32.9-2020-q2-update.win32_1.5.0.202011040924/tools/bin/../lib/gcc/arm-none-eabi/9.3.1/../../../../arm-none-eabi/lib/thumb/v7-m/nofp\libc_nano.a(lib_a-nano-mallocr.o)
                0x0000000020000438                __malloc_sbrk_start
 *(COMMON)
 COMMON         0x000000002000043c        0x8 Application/User/Core/crc.o
                0x000000002000043c                hcrc
 COMMON         0x0000000020000444       0x28 Application/User/Core/main.o
                0x0000000020000444                Multi_Timer
 COMMON         0x000000002000046c       0x40 Application/User/Core/usart.o
                0x000000002000046c                huart1
 COMMON         0x00000000200004ac      0x2c4 Application/User/USB_DEVICE/App/usb_device.o
                0x00000000200004ac                hUsbDeviceFS
 COMMON         0x0000000020000770      0x7d0 Application/User/USB_DEVICE/App/usbd_cdc_if.o
                0x0000000020000770                UserRxBufferFS
                0x0000000020000b58                UserTxBufferFS
 COMMON         0x0000000020000f40      0x200 Application/User/USB_DEVICE/App/usbd_desc.o
                0x0000000020000f40                USBD_StrDesc
 COMMON         0x0000000020001140      0x2ec Application/User/USB_DEVICE/Target/usbd_conf.o
                0x0000000020001140                hpcd_USB_FS
 COMMON         0x000000002000142c        0x4 Drivers/STM32F1xx_HAL_Driver/stm32f1xx_hal.o
                0x000000002000142c                uwTick
 COMMON         0x0000000020001430       0x6c Modules/Src/modules.o
                0x0000000020001430                pfISR
                0x0000000020001444                pfSYSTICK_ISR
                0x000000002000144c                btn2
                0x0000000020001474                btn1
 COMMON         0x000000002000149c        0x9 d:/st/stm32cubeide_1.6.1/stm32cubeide/plugins/com.st.stm32cube.ide.mcu.externaltools.gnu-tools-for-stm32.9-2020-q2-update.win32_1.5.0.202011040924/tools/bin/../lib/gcc/arm-none-eabi/9.3.1/../../../../arm-none-eabi/lib/thumb/v7-m/nofp\libc_nano.a(lib_a-lock.o)
                0x000000002000149c                __lock___atexit_recursive_mutex
                0x000000002000149d                __lock___arc4random_mutex
                0x000000002000149e                __lock___env_recursive_mutex
                0x000000002000149f                __lock___sinit_recursive_mutex
                0x00000000200014a0                __lock___malloc_recursive_mutex
                0x00000000200014a1                __lock___at_quick_exit_mutex
                0x00000000200014a2                __lock___dd_hash_mutex
                0x00000000200014a3                __lock___tz_mutex
                0x00000000200014a4                __lock___sfp_recursive_mutex
 *fill*         0x00000000200014a5        0x3 
 COMMON         0x00000000200014a8        0x4 d:/st/stm32cubeide_1.6.1/stm32cubeide/plugins/com.st.stm32cube.ide.mcu.externaltools.gnu-tools-for-stm32.9-2020-q2-update.win32_1.5.0.202011040924/tools/bin/../lib/gcc/arm-none-eabi/9.3.1/../../../../arm-none-eabi/lib/thumb/v7-m/nofp\libc_nano.a(lib_a-reent.o)
                0x00000000200014a8                errno
                0x00000000200014ac                . = ALIGN (0x4)
                0x00000000200014ac                _ebss = .
                0x00000000200014ac                __bss_end__ = _ebss

._user_heap_stack
                0x00000000200014ac      0x604 load address 0x0000000008008fd8
                0x00000000200014b0                . = ALIGN (0x8)
 *fill*         0x00000000200014ac        0x4 
                [!provide]                        PROVIDE (end = .)
                0x00000000200014b0                PROVIDE (_end = .)
                0x00000000200016b0                . = (. + _Min_Heap_Size)
 *fill*         0x00000000200014b0      0x200 
                0x0000000020001ab0                . = (. + _Min_Stack_Size)
 *fill*         0x00000000200016b0      0x400 
                0x0000000020001ab0                . = ALIGN (0x8)

/DISCARD/
 libc.a(*)
 libm.a(*)
 libgcc.a(*)

.ARM.attributes
                0x0000000000000000       0x29
 *(.ARM.attributes)
 .ARM.attributes
                0x0000000000000000       0x1d d:/st/stm32cubeide_1.6.1/stm32cubeide/plugins/com.st.stm32cube.ide.mcu.externaltools.gnu-tools-for-stm32.9-2020-q2-update.win32_1.5.0.202011040924/tools/bin/../lib/gcc/arm-none-eabi/9.3.1/thumb/v7-m/nofp/crti.o
 .ARM.attributes
                0x000000000000001d       0x2d d:/st/stm32cubeide_1.6.1/stm32cubeide/plugins/com.st.stm32cube.ide.mcu.externaltools.gnu-tools-for-stm32.9-2020-q2-update.win32_1.5.0.202011040924/tools/bin/../lib/gcc/arm-none-eabi/9.3.1/thumb/v7-m/nofp/crtbegin.o
 .ARM.attributes
                0x000000000000004a       0x2d Application/User/Core/crc.o
 .ARM.attributes
                0x0000000000000077       0x2d Application/User/Core/gpio.o
 .ARM.attributes
                0x00000000000000a4       0x2d Application/User/Core/main.o
 .ARM.attributes
                0x00000000000000d1       0x2d Application/User/Core/stm32f1xx_hal_msp.o
 .ARM.attributes
                0x00000000000000fe       0x2d Application/User/Core/stm32f1xx_it.o
 .ARM.attributes
                0x000000000000012b       0x2d Application/User/Core/syscalls.o
 .ARM.attributes
                0x0000000000000158       0x2d Application/User/Core/sysmem.o
 .ARM.attributes
                0x0000000000000185       0x2d Application/User/Core/usart.o
 .ARM.attributes
                0x00000000000001b2       0x21 Application/User/Startup/startup_stm32f103zetx.o
 .ARM.attributes
                0x00000000000001d3       0x2d Application/User/USB_DEVICE/App/usb_device.o
 .ARM.attributes
                0x0000000000000200       0x2d Application/User/USB_DEVICE/App/usbd_cdc_if.o
 .ARM.attributes
                0x000000000000022d       0x2d Application/User/USB_DEVICE/App/usbd_desc.o
 .ARM.attributes
                0x000000000000025a       0x2d Application/User/USB_DEVICE/Target/usbd_conf.o
 .ARM.attributes
                0x0000000000000287       0x2d Drivers/CMSIS/system_stm32f1xx.o
 .ARM.attributes
                0x00000000000002b4       0x2d Drivers/STM32F1xx_HAL_Driver/stm32f1xx_hal.o
 .ARM.attributes
                0x00000000000002e1       0x2d Drivers/STM32F1xx_HAL_Driver/stm32f1xx_hal_cortex.o
 .ARM.attributes
                0x000000000000030e       0x2d Drivers/STM32F1xx_HAL_Driver/stm32f1xx_hal_crc.o
 .ARM.attributes
                0x000000000000033b       0x2d Drivers/STM32F1xx_HAL_Driver/stm32f1xx_hal_dma.o
 .ARM.attributes
                0x0000000000000368       0x2d Drivers/STM32F1xx_HAL_Driver/stm32f1xx_hal_gpio.o
 .ARM.attributes
                0x0000000000000395       0x2d Drivers/STM32F1xx_HAL_Driver/stm32f1xx_hal_pcd.o
 .ARM.attributes
                0x00000000000003c2       0x2d Drivers/STM32F1xx_HAL_Driver/stm32f1xx_hal_pcd_ex.o
 .ARM.attributes
                0x00000000000003ef       0x2d Drivers/STM32F1xx_HAL_Driver/stm32f1xx_hal_rcc.o
 .ARM.attributes
                0x000000000000041c       0x2d Drivers/STM32F1xx_HAL_Driver/stm32f1xx_hal_rcc_ex.o
 .ARM.attributes
                0x0000000000000449       0x2d Drivers/STM32F1xx_HAL_Driver/stm32f1xx_hal_uart.o
 .ARM.attributes
                0x0000000000000476       0x2d Drivers/STM32F1xx_HAL_Driver/stm32f1xx_ll_usb.o
 .ARM.attributes
                0x00000000000004a3       0x2d Middlewares/USB_Device_Library/usbd_cdc.o
 .ARM.attributes
                0x00000000000004d0       0x2d Middlewares/USB_Device_Library/usbd_core.o
 .ARM.attributes
                0x00000000000004fd       0x2d Middlewares/USB_Device_Library/usbd_ctlreq.o
 .ARM.attributes
                0x000000000000052a       0x2d Middlewares/USB_Device_Library/usbd_ioreq.o
 .ARM.attributes
                0x0000000000000557       0x2d Modules/Src/modules.o
 .ARM.attributes
                0x0000000000000584       0x2d Modules/Src/multi_button.o
 .ARM.attributes
                0x00000000000005b1       0x2d Modules/Src/multi_timer.o
 .ARM.attributes
                0x00000000000005de       0x2d d:/st/stm32cubeide_1.6.1/stm32cubeide/plugins/com.st.stm32cube.ide.mcu.externaltools.gnu-tools-for-stm32.9-2020-q2-update.win32_1.5.0.202011040924/tools/bin/../lib/gcc/arm-none-eabi/9.3.1/../../../../arm-none-eabi/lib/thumb/v7-m/nofp\libc_nano.a(lib_a-errno.o)
 .ARM.attributes
                0x000000000000060b       0x2d d:/st/stm32cubeide_1.6.1/stm32cubeide/plugins/com.st.stm32cube.ide.mcu.externaltools.gnu-tools-for-stm32.9-2020-q2-update.win32_1.5.0.202011040924/tools/bin/../lib/gcc/arm-none-eabi/9.3.1/../../../../arm-none-eabi/lib/thumb/v7-m/nofp\libc_nano.a(lib_a-impure.o)
 .ARM.attributes
                0x0000000000000638       0x2d d:/st/stm32cubeide_1.6.1/stm32cubeide/plugins/com.st.stm32cube.ide.mcu.externaltools.gnu-tools-for-stm32.9-2020-q2-update.win32_1.5.0.202011040924/tools/bin/../lib/gcc/arm-none-eabi/9.3.1/../../../../arm-none-eabi/lib/thumb/v7-m/nofp\libc_nano.a(lib_a-init.o)
 .ARM.attributes
                0x0000000000000665       0x2d d:/st/stm32cubeide_1.6.1/stm32cubeide/plugins/com.st.stm32cube.ide.mcu.externaltools.gnu-tools-for-stm32.9-2020-q2-update.win32_1.5.0.202011040924/tools/bin/../lib/gcc/arm-none-eabi/9.3.1/../../../../arm-none-eabi/lib/thumb/v7-m/nofp\libc_nano.a(lib_a-memset.o)
 .ARM.attributes
                0x0000000000000692       0x2d d:/st/stm32cubeide_1.6.1/stm32cubeide/plugins/com.st.stm32cube.ide.mcu.externaltools.gnu-tools-for-stm32.9-2020-q2-update.win32_1.5.0.202011040924/tools/bin/../lib/gcc/arm-none-eabi/9.3.1/../../../../arm-none-eabi/lib/thumb/v7-m/nofp\libc_nano.a(lib_a-puts.o)
 .ARM.attributes
                0x00000000000006bf       0x2d d:/st/stm32cubeide_1.6.1/stm32cubeide/plugins/com.st.stm32cube.ide.mcu.externaltools.gnu-tools-for-stm32.9-2020-q2-update.win32_1.5.0.202011040924/tools/bin/../lib/gcc/arm-none-eabi/9.3.1/../../../../arm-none-eabi/lib/thumb/v7-m/nofp\libc_nano.a(lib_a-wbuf.o)
 .ARM.attributes
                0x00000000000006ec       0x2d d:/st/stm32cubeide_1.6.1/stm32cubeide/plugins/com.st.stm32cube.ide.mcu.externaltools.gnu-tools-for-stm32.9-2020-q2-update.win32_1.5.0.202011040924/tools/bin/../lib/gcc/arm-none-eabi/9.3.1/../../../../arm-none-eabi/lib/thumb/v7-m/nofp\libc_nano.a(lib_a-wsetup.o)
 .ARM.attributes
                0x0000000000000719       0x2d d:/st/stm32cubeide_1.6.1/stm32cubeide/plugins/com.st.stm32cube.ide.mcu.externaltools.gnu-tools-for-stm32.9-2020-q2-update.win32_1.5.0.202011040924/tools/bin/../lib/gcc/arm-none-eabi/9.3.1/../../../../arm-none-eabi/lib/thumb/v7-m/nofp\libc_nano.a(lib_a-fflush.o)
 .ARM.attributes
                0x0000000000000746       0x2d d:/st/stm32cubeide_1.6.1/stm32cubeide/plugins/com.st.stm32cube.ide.mcu.externaltools.gnu-tools-for-stm32.9-2020-q2-update.win32_1.5.0.202011040924/tools/bin/../lib/gcc/arm-none-eabi/9.3.1/../../../../arm-none-eabi/lib/thumb/v7-m/nofp\libc_nano.a(lib_a-findfp.o)
 .ARM.attributes
                0x0000000000000773       0x2d d:/st/stm32cubeide_1.6.1/stm32cubeide/plugins/com.st.stm32cube.ide.mcu.externaltools.gnu-tools-for-stm32.9-2020-q2-update.win32_1.5.0.202011040924/tools/bin/../lib/gcc/arm-none-eabi/9.3.1/../../../../arm-none-eabi/lib/thumb/v7-m/nofp\libc_nano.a(lib_a-fwalk.o)
 .ARM.attributes
                0x00000000000007a0       0x2d d:/st/stm32cubeide_1.6.1/stm32cubeide/plugins/com.st.stm32cube.ide.mcu.externaltools.gnu-tools-for-stm32.9-2020-q2-update.win32_1.5.0.202011040924/tools/bin/../lib/gcc/arm-none-eabi/9.3.1/../../../../arm-none-eabi/lib/thumb/v7-m/nofp\libc_nano.a(lib_a-lock.o)
 .ARM.attributes
                0x00000000000007cd       0x2d d:/st/stm32cubeide_1.6.1/stm32cubeide/plugins/com.st.stm32cube.ide.mcu.externaltools.gnu-tools-for-stm32.9-2020-q2-update.win32_1.5.0.202011040924/tools/bin/../lib/gcc/arm-none-eabi/9.3.1/../../../../arm-none-eabi/lib/thumb/v7-m/nofp\libc_nano.a(lib_a-makebuf.o)
 .ARM.attributes
                0x00000000000007fa       0x2d d:/st/stm32cubeide_1.6.1/stm32cubeide/plugins/com.st.stm32cube.ide.mcu.externaltools.gnu-tools-for-stm32.9-2020-q2-update.win32_1.5.0.202011040924/tools/bin/../lib/gcc/arm-none-eabi/9.3.1/../../../../arm-none-eabi/lib/thumb/v7-m/nofp\libc_nano.a(lib_a-nano-freer.o)
 .ARM.attributes
                0x0000000000000827       0x2d d:/st/stm32cubeide_1.6.1/stm32cubeide/plugins/com.st.stm32cube.ide.mcu.externaltools.gnu-tools-for-stm32.9-2020-q2-update.win32_1.5.0.202011040924/tools/bin/../lib/gcc/arm-none-eabi/9.3.1/../../../../arm-none-eabi/lib/thumb/v7-m/nofp\libc_nano.a(lib_a-nano-mallocr.o)
 .ARM.attributes
                0x0000000000000854       0x2d d:/st/stm32cubeide_1.6.1/stm32cubeide/plugins/com.st.stm32cube.ide.mcu.externaltools.gnu-tools-for-stm32.9-2020-q2-update.win32_1.5.0.202011040924/tools/bin/../lib/gcc/arm-none-eabi/9.3.1/../../../../arm-none-eabi/lib/thumb/v7-m/nofp\libc_nano.a(lib_a-sbrkr.o)
 .ARM.attributes
                0x0000000000000881       0x2d d:/st/stm32cubeide_1.6.1/stm32cubeide/plugins/com.st.stm32cube.ide.mcu.externaltools.gnu-tools-for-stm32.9-2020-q2-update.win32_1.5.0.202011040924/tools/bin/../lib/gcc/arm-none-eabi/9.3.1/../../../../arm-none-eabi/lib/thumb/v7-m/nofp\libc_nano.a(lib_a-stdio.o)
 .ARM.attributes
                0x00000000000008ae       0x2d d:/st/stm32cubeide_1.6.1/stm32cubeide/plugins/com.st.stm32cube.ide.mcu.externaltools.gnu-tools-for-stm32.9-2020-q2-update.win32_1.5.0.202011040924/tools/bin/../lib/gcc/arm-none-eabi/9.3.1/../../../../arm-none-eabi/lib/thumb/v7-m/nofp\libc_nano.a(lib_a-writer.o)
 .ARM.attributes
                0x00000000000008db       0x2d d:/st/stm32cubeide_1.6.1/stm32cubeide/plugins/com.st.stm32cube.ide.mcu.externaltools.gnu-tools-for-stm32.9-2020-q2-update.win32_1.5.0.202011040924/tools/bin/../lib/gcc/arm-none-eabi/9.3.1/../../../../arm-none-eabi/lib/thumb/v7-m/nofp\libc_nano.a(lib_a-closer.o)
 .ARM.attributes
                0x0000000000000908       0x2d d:/st/stm32cubeide_1.6.1/stm32cubeide/plugins/com.st.stm32cube.ide.mcu.externaltools.gnu-tools-for-stm32.9-2020-q2-update.win32_1.5.0.202011040924/tools/bin/../lib/gcc/arm-none-eabi/9.3.1/../../../../arm-none-eabi/lib/thumb/v7-m/nofp\libc_nano.a(lib_a-fstatr.o)
 .ARM.attributes
                0x0000000000000935       0x2d d:/st/stm32cubeide_1.6.1/stm32cubeide/plugins/com.st.stm32cube.ide.mcu.externaltools.gnu-tools-for-stm32.9-2020-q2-update.win32_1.5.0.202011040924/tools/bin/../lib/gcc/arm-none-eabi/9.3.1/../../../../arm-none-eabi/lib/thumb/v7-m/nofp\libc_nano.a(lib_a-isattyr.o)
 .ARM.attributes
                0x0000000000000962       0x2d d:/st/stm32cubeide_1.6.1/stm32cubeide/plugins/com.st.stm32cube.ide.mcu.externaltools.gnu-tools-for-stm32.9-2020-q2-update.win32_1.5.0.202011040924/tools/bin/../lib/gcc/arm-none-eabi/9.3.1/../../../../arm-none-eabi/lib/thumb/v7-m/nofp\libc_nano.a(lib_a-lseekr.o)
 .ARM.attributes
                0x000000000000098f       0x2d d:/st/stm32cubeide_1.6.1/stm32cubeide/plugins/com.st.stm32cube.ide.mcu.externaltools.gnu-tools-for-stm32.9-2020-q2-update.win32_1.5.0.202011040924/tools/bin/../lib/gcc/arm-none-eabi/9.3.1/../../../../arm-none-eabi/lib/thumb/v7-m/nofp\libc_nano.a(lib_a-mlock.o)
 .ARM.attributes
                0x00000000000009bc       0x2d d:/st/stm32cubeide_1.6.1/stm32cubeide/plugins/com.st.stm32cube.ide.mcu.externaltools.gnu-tools-for-stm32.9-2020-q2-update.win32_1.5.0.202011040924/tools/bin/../lib/gcc/arm-none-eabi/9.3.1/../../../../arm-none-eabi/lib/thumb/v7-m/nofp\libc_nano.a(lib_a-readr.o)
 .ARM.attributes
                0x00000000000009e9       0x2d d:/st/stm32cubeide_1.6.1/stm32cubeide/plugins/com.st.stm32cube.ide.mcu.externaltools.gnu-tools-for-stm32.9-2020-q2-update.win32_1.5.0.202011040924/tools/bin/../lib/gcc/arm-none-eabi/9.3.1/../../../../arm-none-eabi/lib/thumb/v7-m/nofp\libc_nano.a(lib_a-reent.o)
 .ARM.attributes
                0x0000000000000a16       0x1d d:/st/stm32cubeide_1.6.1/stm32cubeide/plugins/com.st.stm32cube.ide.mcu.externaltools.gnu-tools-for-stm32.9-2020-q2-update.win32_1.5.0.202011040924/tools/bin/../lib/gcc/arm-none-eabi/9.3.1/thumb/v7-m/nofp/crtn.o
OUTPUT(stm32f103zet6.elf elf32-littlearm)
LOAD linker stubs
LOAD d:/st/stm32cubeide_1.6.1/stm32cubeide/plugins/com.st.stm32cube.ide.mcu.externaltools.gnu-tools-for-stm32.9-2020-q2-update.win32_1.5.0.202011040924/tools/bin/../lib/gcc/arm-none-eabi/9.3.1/../../../../arm-none-eabi/lib/thumb/v7-m/nofp\libc.a
LOAD d:/st/stm32cubeide_1.6.1/stm32cubeide/plugins/com.st.stm32cube.ide.mcu.externaltools.gnu-tools-for-stm32.9-2020-q2-update.win32_1.5.0.202011040924/tools/bin/../lib/gcc/arm-none-eabi/9.3.1/../../../../arm-none-eabi/lib/thumb/v7-m/nofp\libm.a
LOAD d:/st/stm32cubeide_1.6.1/stm32cubeide/plugins/com.st.stm32cube.ide.mcu.externaltools.gnu-tools-for-stm32.9-2020-q2-update.win32_1.5.0.202011040924/tools/bin/../lib/gcc/arm-none-eabi/9.3.1/thumb/v7-m/nofp\libgcc.a

.debug_info     0x0000000000000000    0x1907f
 .debug_info    0x0000000000000000      0x402 Application/User/Core/crc.o
 .debug_info    0x0000000000000402      0x3c9 Application/User/Core/gpio.o
 .debug_info    0x00000000000007cb     0x12e9 Application/User/Core/main.o
 .debug_info    0x0000000000001ab4      0x2fc Application/User/Core/stm32f1xx_hal_msp.o
 .debug_info    0x0000000000001db0     0x14ab Application/User/Core/stm32f1xx_it.o
 .debug_info    0x000000000000325b      0xfb4 Application/User/Core/syscalls.o
 .debug_info    0x000000000000420f      0xa25 Application/User/Core/sysmem.o
 .debug_info    0x0000000000004c34      0xa09 Application/User/Core/usart.o
 .debug_info    0x000000000000563d       0x22 Application/User/Startup/startup_stm32f103zetx.o
 .debug_info    0x000000000000565f      0xf6b Application/User/USB_DEVICE/App/usb_device.o
 .debug_info    0x00000000000065ca     0x1140 Application/User/USB_DEVICE/App/usbd_cdc_if.o
 .debug_info    0x000000000000770a      0xde8 Application/User/USB_DEVICE/App/usbd_desc.o
 .debug_info    0x00000000000084f2     0x1fec Application/User/USB_DEVICE/Target/usbd_conf.o
 .debug_info    0x000000000000a4de      0x2be Drivers/CMSIS/system_stm32f1xx.o
 .debug_info    0x000000000000a79c      0x7d0 Drivers/STM32F1xx_HAL_Driver/stm32f1xx_hal.o
 .debug_info    0x000000000000af6c      0xc42 Drivers/STM32F1xx_HAL_Driver/stm32f1xx_hal_cortex.o
 .debug_info    0x000000000000bbae      0x47a Drivers/STM32F1xx_HAL_Driver/stm32f1xx_hal_crc.o
 .debug_info    0x000000000000c028      0x81e Drivers/STM32F1xx_HAL_Driver/stm32f1xx_hal_dma.o
 .debug_info    0x000000000000c846      0x701 Drivers/STM32F1xx_HAL_Driver/stm32f1xx_hal_gpio.o
 .debug_info    0x000000000000cf47     0x1332 Drivers/STM32F1xx_HAL_Driver/stm32f1xx_hal_pcd.o
 .debug_info    0x000000000000e279      0x7fa Drivers/STM32F1xx_HAL_Driver/stm32f1xx_hal_pcd_ex.o
 .debug_info    0x000000000000ea73      0x88e Drivers/STM32F1xx_HAL_Driver/stm32f1xx_hal_rcc.o
 .debug_info    0x000000000000f301      0x49c Drivers/STM32F1xx_HAL_Driver/stm32f1xx_hal_rcc_ex.o
 .debug_info    0x000000000000f79d     0x1322 Drivers/STM32F1xx_HAL_Driver/stm32f1xx_hal_uart.o
 .debug_info    0x0000000000010abf     0x1911 Drivers/STM32F1xx_HAL_Driver/stm32f1xx_ll_usb.o
 .debug_info    0x00000000000123d0     0x1938 Middlewares/USB_Device_Library/usbd_cdc.o
 .debug_info    0x0000000000013d08     0x12ef Middlewares/USB_Device_Library/usbd_core.o
 .debug_info    0x0000000000014ff7     0x125c Middlewares/USB_Device_Library/usbd_ctlreq.o
 .debug_info    0x0000000000016253     0x102e Middlewares/USB_Device_Library/usbd_ioreq.o
 .debug_info    0x0000000000017281      0xeb9 Modules/Src/modules.o
 .debug_info    0x000000000001813a      0xc5d Modules/Src/multi_button.o
 .debug_info    0x0000000000018d97      0x2e8 Modules/Src/multi_timer.o

.debug_abbrev   0x0000000000000000     0x4303
 .debug_abbrev  0x0000000000000000      0x177 Application/User/Core/crc.o